
> managed-capture-3d-platform@0.0.0 test:run
> vitest run src/__tests__/ModelEditor.test.tsx


[1m[46m RUN [49m[22m [36mv4.0.18 [39m[90mC:/Users/emili/Downloads/managed-capture-3d-platform[39m

 [31mΓ¥»[39m src/__tests__/ModelEditor.test.tsx [2m([22m[2m16 tests[22m[2m | [22m[31m11 failed[39m[2m)[22m[33m 308[2mms[22m[39m
       [32mΓ£ô[39m should render ModelEditor with model viewer[32m 79[2mms[22m[39m
       [32mΓ£ô[39m should display uploader when no model is loaded[32m 5[2mms[22m[39m
       [32mΓ£ô[39m should show transform properties panel by default[32m 19[2mms[22m[39m
[31m       [31m├ù[31m should load model from uploader[39m[32m 26[2mms[22m[39m
[31m       [31m├ù[31m should handle model loading errors gracefully[39m[32m 14[2mms[22m[39m
[31m       [31m├ù[31m should update position values[39m[32m 13[2mms[22m[39m
[31m       [31m├ù[31m should reset transform to defaults[39m[32m 12[2mms[22m[39m
[31m       [31m├ù[31m should toggle auto-rotate[39m[32m 12[2mms[22m[39m
[31m       [31m├ù[31m should adjust exposure slider[39m[32m 14[2mms[22m[39m
[31m       [31m├ù[31m should have AR preview button[39m[32m 21[2mms[22m[39m
[31m       [31m├ù[31m should call activateAR on AR button click[39m[32m 15[2mms[22m[39m
[31m       [31m├ù[31m should open share modal[39m[32m 15[2mms[22m[39m
[31m       [31m├ù[31m should copy share link to clipboard[39m[32m 16[2mms[22m[39m
[31m       [31m├ù[31m should save scene to database[39m[32m 23[2mms[22m[39m
       [32mΓ£ô[39m should render with dark mode classes[32m 12[2mms[22m[39m
       [32mΓ£ô[39m should render toolbar on mobile[32m 11[2mms[22m[39m
node.exe : 
At line:1 char:1
+ & "C:\Program File
s\nodejs/node.exe" 
"C:\Program Files\no
dejs/node_mo ...
+ ~~~~~~~~~~~~~~~~~~
~~~~~~~~~~~~~~~~~~~~
~~~~~~~~~~~~~~~~~~~~
~~~~~~~~~~~
    + CategoryInfo  
            : NotS  
  pecified: (:Str   
 ing) [], Remote    
Exception
    + FullyQualifie 
   dErrorId : Nati  
  veCommandError
 
[31mΓÄ»ΓÄ»ΓÄ»ΓÄ»ΓÄ»
ΓÄ»[39m[1m[41m 
Failed Tests 11 [49
m[22m[31mΓÄ»ΓÄ»ΓÄ»
ΓÄ»ΓÄ»ΓÄ»ΓÄ»[39m

[41m[1m FAIL 
[22m[49m src/__tes
ts__/ModelEditor.tes
t.tsx[2m > 
[22mModelEditor 
Component[2m > 
[22mModel 
Loading[2m > 
[22mshould load 
model from uploader
[31m[1mTestingLibr
aryElementError[22m
[39m: Unable to 
find an element 
with the text: 
Upload Model. This 
could be because 
the text is broken 
up by multiple 
elements. In this 
case, you can 
provide a function 
for your text 
matcher to make 
your matcher more 
flexible.

Ignored nodes: 
comments, script, 
style
[36m<body>[39m
  [36m<div>[39m
    [36m<div[39m
      [33mclass[39
m=[32m"flex 
h-screen 
bg-stone-950 
text-stone-200 
overflow-hidden 
font-sans"[39m
      [33mdata-comp
onent[39m=[32m"Mod
el Editor"[39m
      [33mdata-file
[39m=[32m"src/page
s/editor/ModelEditor
.tsx"[39m
    [36m>[39m
      
[36m<header[39m
        [33mclass[
39m=[32m"fixed 
top-0 w-full h-14 
bg-stone-900 
border-b 
border-stone-800 
flex items-center 
justify-between 
px-4 z-50"[39m
      [36m>[39m
        
[36m<div[39m
          [33mclass
[39m=[32m"flex 
items-center 
gap-4"[39m
        [36m>[39m
          
[36m<a[39m
            [33mcla
ss[39m=[32m"p-2 
hover:bg-stone-800 
rounded-md 
text-stone-400 
hover:text-white tra
nsition-colors"[39m
            [33mdat
a-discover[39m=[32
m"true"[39m
            [33mhre
f[39m=[32m"/app/ed
itor/test-asset-123"
[39m
          
[36m>[39m
            
[36m<svg[39m
              [33ma
ria-hidden[39m=[32
m"true"[39m
              [33mc
lass[39m=[32m"luci
de 
lucide-arrow-left 
w-5 h-5"[39m
              [33mf
ill[39m=[32m"none"
[39m
              [33mh
eight[39m=[32m"24"
[39m
              [33ms
troke[39m=[32m"cur
rentColor"[39m
              [33ms
troke-linecap[39m=
[32m"round"[39m
              [33ms
troke-linejoin[39m=
[32m"round"[39m
              [33ms
troke-width[39m=[3
2m"2"[39m
              [33mv
iewBox[39m=[32m"0 
0 24 24"[39m
              [33mw
idth[39m=[32m"24"
[39m
              [33mx
mlns[39m=[32m"http
://www.w3.org/2000/s
vg"[39m
            
[36m>[39m
              
[36m<path[39m
                [33
md[39m=[32m"m12 
19-7-7 7-7"[39m
              
[36m/>[39m
              
[36m<path[39m
                [33
md[39m=[32m"M19 
12H5"[39m
              
[36m/>[39m
            
[36m</svg>[39m
          
[36m</a>[39m
          
[36m<div[39m
            [33mcla
ss[39m=[32m"h-6 
w-px 
bg-stone-800"[39m
          
[36m/>[39m
          
[36m<div[39m
            [33mcla
ss[39m=[32m"flex 
items-center 
gap-2"[39m
          
[36m>[39m
            
[36m<span[39m
              [33mc
lass[39m=[32m"font
-bold text-sm 
tracking-wide 
text-stone-100"[39m
            
[36m>[39m
              [0mte
st-asset-123[0m
            
[36m</span>[39m
            
[36m<span[39m
              [33mc
lass[39m=[32m"text
-xs bg-amber-500/20 
text-amber-500 px-2 
py-0.5 rounded 
border border-amber-
500/30"[39m
            
[36m>[39m
              
[0mDRAFT[0m
            
[36m</span>[39m
          
[36m</div>[39m
        
[36m</div>[39m
        
[36m<div[39m
          [33mclass
[39m=[32m"flex 
items-center 
gap-2"[39m
        [36m>[39m
          
[36m<span[39m
            [33mcla
ss[39m=[32m"text-x
s text-stone-500 
mr-2 hidden 
md:inline"[39m
          
[36m>[39m
            
[0mUnsaved 
changes[0m
          
[36m</span>[39m
          
[36m<button[39m
            [33mcla
ss[39m=[32m"p-2 
hover:bg-stone-800 
rounded 
text-stone-400 hover
:text-white"[39m
            [33mtit
le[39m=[32m"Undo"
[39m
          
[36m>[39m
            
[36m<svg[39m
              [33ma
ria-hidden[39m=[32
m"true"[39m
              [33mc
lass[39m=[32m"luci
de lucide-undo w-4 
h-4"[39m
              [33mf
ill[39m=[32m"none"
[39m
              [33mh
eight[39m=[32m"24"
[39m
              [33ms
troke[39m=[32m"cur
rentColor"[39m
              [33ms
troke-linecap[39m=
[32m"round"[39m
              [33ms
troke-linejoin[39m=
[32m"round"[39m
              [33ms
troke-width[39m=[3
2m"2"[39m
              [33mv
iewBox[39m=[32m"0 
0 24 24"[39m
              [33mw
idth[39m=[32m"24"
[39m
              [33mx
mlns[39m=[32m"http
://www.w3.org/2000/s
vg"[39m
            
[36m>[39m
              
[36m<path[39m
                [33
md[39m=[32m"M3 
7v6h6"[39m
              
[36m/>[39m
              
[36m<path[39m
                [33
md[39m=[32m"M21 
17a9 9 0 0 0-9-9 9 
9 0 0 0-6 2.3L3 
13"[39m
              
[36m/>[39m
            
[36m</svg>[39m
          
[36m</button>[39m
          
[36m<button[39m
            [33mcla
ss[39m=[32m"p-2 
hover:bg-stone-800 
rounded 
text-stone-400 hover
:text-white"[39m
            [33mtit
le[39m=[32m"Redo"
[39m
          
[36m>[39m
            
[36m<svg[39m
              [33ma
ria-hidden[39m=[32
m"true"[39m
              [33mc
lass[39m=[32m"luci
de lucide-redo w-4 
h-4"[39m
              [33mf
ill[39m=[32m"none"
[39m
              [33mh
eight[39m=[32m"24"
[39m
              [33ms
troke[39m=[32m"cur
rentColor"[39m
              [33ms
troke-linecap[39m=
[32m"round"[39m
              [33ms
troke-linejoin[39m=
[32m"round"[39m
              [33ms
troke-width[39m=[3
2m"2"[39m
              [33mv
iewBox[39m=[32m"0 
0 24 24"[39m
              [33mw
idth[39m=[32m"24"
[39m
              [33mx
mlns[39m=[32m"http
://www.w3.org/2000/s
vg"[39m
            
[36m>[39m
              
[36m<path[39m
                [33
md[39m=[32m"M21 
7v6h-6"[39m
              
[36m/>[39m
              
[36m<path[39m
                [33
md[39m=[32m"M3 
17a9 9 0 0 1 9-9 9 
9 0 0 1 6 2.3l3 
2.7"[39m
              
[36m/>[39m
            
[36m</svg>[39m
          
[36m</button>[39m
          
[36m<div[39m
            [33mcla
ss[39m=[32m"h-6 
w-px bg-stone-800 
mx-2"[39m
          
[36m/>[39m
          
[36m<button[39m
            [33mcla
ss[39m=[32m"bg-amb
er-600 
hover:bg-amber-700 
text-white px-4 
py-1.5 rounded-md 
text-sm font-bold 
flex items-center 
gap-2 
transition-colors 
disabled:opacity-50 
disabled:cursor-not-
allowed"[39m
          
[36m>[39m
            
[36m<svg[39m
              [33ma
ria-hidden[39m=[32
m"true"[39m
              [33mc
lass[39m=[32m"luci
de lucide-save w-4 
h-4"[39m
              [33mf
ill[39m=[32m"none"
[39m
              [33mh
eight[39m=[32m"24"
[39m
              [33ms
troke[39m=[32m"cur
rentColor"[39m
              [33ms
troke-linecap[39m=
[32m"round"[39m
              [33ms
troke-linejoin[39m=
[32m"round"[39m
              [33ms
troke-width[39m=[3
2m"2"[39m
              [33mv
iewBox[39m=[32m"0 
0 24 24"[39m
              [33mw
idth[39m=[32m"24"
[39m
              [33mx
mlns[39m=[32m"http
://www.w3.org/2000/s
vg"[39m
            
[36m>[39m
              
[36m<path[39m
                [33
md[39m=[32m"M15.2 
3a2 2 0 0 1 
1.4.6l3.8 3.8a2 2 0 
0 1 .6 1.4V19a2 2 0 
0 1-2 2H5a2 2 0 0 
1-2-2V5a2 2 0 0 1 
2-2z"[39m
              
[36m/>[39m
              
[36m<path[39m
                [33
md[39m=[32m"M17 
21v-7a1 1 0 0 
0-1-1H8a1 1 0 0 0-1 
1v7"[39m
              
[36m/>[39m
              
[36m<path[39m
                [33
md[39m=[32m"M7 
3v4a1 1 0 0 0 1 
1h7"[39m
              
[36m/>[39m
            
[36m</svg>[39m
            
[0mSave Scene[0m
          
[36m</button>[39m
          
[36m<button[39m
            [33mcla
ss[39m=[32m"p-2 
hover:bg-stone-800 
rounded 
text-stone-400 hover
:text-white"[39m
            [33mtit
le[39m=[32m"Share 
/ Publish"[39m
          
[36m>[39m
            
[36m<svg[39m
              [33ma
ria-hidden[39m=[..
.
[90m [2mΓ¥»[22m O
bject.getElementErro
r node_modules/@test
ing-library/dom/dist
/config.js:[2m37:19
[22m[39m
[90m [2mΓ¥»[22m n
ode_modules/@testing
-library/dom/dist/qu
ery-helpers.js:[2m7
6:38[22m[39m
[90m [2mΓ¥»[22m n
ode_modules/@testing
-library/dom/dist/qu
ery-helpers.js:[2m5
2:17[22m[39m
[90m [2mΓ¥»[22m n
ode_modules/@testing
-library/dom/dist/qu
ery-helpers.js:[2m9
5:19[22m[39m
[36m [2mΓ¥»[22m s
rc/__tests__/ModelEd
itor.test.tsx:[2m11
2:35[22m[39m
    [90m110| [39m 
     )[33m;[39m
    [90m111| [39m
    [90m112| [39m 
     
[35mconst[39m 
uploadButton 
[33m=[39m screen[
33m.[39m[34mgetByT
ext[39m([32m'Uploa
d Model'[39m)[33m;
[39m
    [90m   | [39m 
                    
             
[31m^[39m
    [90m113| [39m 
     fireEvent[33m.
[39m[34mclick[39m
(uploadButton)[33m;
[39m
    [90m114| [39m

[31m[2mΓÄ»ΓÄ»ΓÄ»ΓÄ
»ΓÄ»ΓÄ»ΓÄ»ΓÄ»ΓÄ»ΓÄ»Γ
Ä»ΓÄ»ΓÄ»ΓÄ»ΓÄ»ΓÄ»ΓÄ»
ΓÄ»ΓÄ»ΓÄ»ΓÄ»ΓÄ»ΓÄ»[1
/11]ΓÄ»[22m[39m

[41m[1m FAIL 
[22m[49m src/__tes
ts__/ModelEditor.tes
t.tsx[2m > 
[22mModelEditor 
Component[2m > 
[22mModel 
Loading[2m > 
[22mshould handle 
model loading 
errors gracefully
[31m[1mTestingLibr
aryElementError[22m
[39m: Unable to 
find an element 
with the text: 
Upload Model. This 
could be because 
the text is broken 
up by multiple 
elements. In this 
case, you can 
provide a function 
for your text 
matcher to make 
your matcher more 
flexible.

Ignored nodes: 
comments, script, 
style
[36m<body>[39m
  [36m<div>[39m
    [36m<div[39m
      [33mclass[39
m=[32m"flex 
h-screen 
bg-stone-950 
text-stone-200 
overflow-hidden 
font-sans"[39m
      [33mdata-comp
onent[39m=[32m"Mod
el Editor"[39m
      [33mdata-file
[39m=[32m"src/page
s/editor/ModelEditor
.tsx"[39m
    [36m>[39m
      
[36m<header[39m
        [33mclass[
39m=[32m"fixed 
top-0 w-full h-14 
bg-stone-900 
border-b 
border-stone-800 
flex items-center 
justify-between 
px-4 z-50"[39m
      [36m>[39m
        
[36m<div[39m
          [33mclass
[39m=[32m"flex 
items-center 
gap-4"[39m
        [36m>[39m
          
[36m<a[39m
            [33mcla
ss[39m=[32m"p-2 
hover:bg-stone-800 
rounded-md 
text-stone-400 
hover:text-white tra
nsition-colors"[39m
            [33mdat
a-discover[39m=[32
m"true"[39m
            [33mhre
f[39m=[32m"/app/ed
itor/test-asset-123"
[39m
          
[36m>[39m
            
[36m<svg[39m
              [33ma
ria-hidden[39m=[32
m"true"[39m
              [33mc
lass[39m=[32m"luci
de 
lucide-arrow-left 
w-5 h-5"[39m
              [33mf
ill[39m=[32m"none"
[39m
              [33mh
eight[39m=[32m"24"
[39m
              [33ms
troke[39m=[32m"cur
rentColor"[39m
              [33ms
troke-linecap[39m=
[32m"round"[39m
              [33ms
troke-linejoin[39m=
[32m"round"[39m
              [33ms
troke-width[39m=[3
2m"2"[39m
              [33mv
iewBox[39m=[32m"0 
0 24 24"[39m
              [33mw
idth[39m=[32m"24"
[39m
              [33mx
mlns[39m=[32m"http
://www.w3.org/2000/s
vg"[39m
            
[36m>[39m
              
[36m<path[39m
                [33
md[39m=[32m"m12 
19-7-7 7-7"[39m
              
[36m/>[39m
              
[36m<path[39m
                [33
md[39m=[32m"M19 
12H5"[39m
              
[36m/>[39m
            
[36m</svg>[39m
          
[36m</a>[39m
          
[36m<div[39m
            [33mcla
ss[39m=[32m"h-6 
w-px 
bg-stone-800"[39m
          
[36m/>[39m
          
[36m<div[39m
            [33mcla
ss[39m=[32m"flex 
items-center 
gap-2"[39m
          
[36m>[39m
            
[36m<span[39m
              [33mc
lass[39m=[32m"font
-bold text-sm 
tracking-wide 
text-stone-100"[39m
            
[36m>[39m
              [0mte
st-asset-123[0m
            
[36m</span>[39m
            
[36m<span[39m
              [33mc
lass[39m=[32m"text
-xs bg-amber-500/20 
text-amber-500 px-2 
py-0.5 rounded 
border border-amber-
500/30"[39m
            
[36m>[39m
              
[0mDRAFT[0m
            
[36m</span>[39m
          
[36m</div>[39m
        
[36m</div>[39m
        
[36m<div[39m
          [33mclass
[39m=[32m"flex 
items-center 
gap-2"[39m
        [36m>[39m
          
[36m<span[39m
            [33mcla
ss[39m=[32m"text-x
s text-stone-500 
mr-2 hidden 
md:inline"[39m
          
[36m>[39m
            
[0mUnsaved 
changes[0m
          
[36m</span>[39m
          
[36m<button[39m
            [33mcla
ss[39m=[32m"p-2 
hover:bg-stone-800 
rounded 
text-stone-400 hover
:text-white"[39m
            [33mtit
le[39m=[32m"Undo"
[39m
          
[36m>[39m
            
[36m<svg[39m
              [33ma
ria-hidden[39m=[32
m"true"[39m
              [33mc
lass[39m=[32m"luci
de lucide-undo w-4 
h-4"[39m
              [33mf
ill[39m=[32m"none"
[39m
              [33mh
eight[39m=[32m"24"
[39m
              [33ms
troke[39m=[32m"cur
rentColor"[39m
              [33ms
troke-linecap[39m=
[32m"round"[39m
              [33ms
troke-linejoin[39m=
[32m"round"[39m
              [33ms
troke-width[39m=[3
2m"2"[39m
              [33mv
iewBox[39m=[32m"0 
0 24 24"[39m
              [33mw
idth[39m=[32m"24"
[39m
              [33mx
mlns[39m=[32m"http
://www.w3.org/2000/s
vg"[39m
            
[36m>[39m
              
[36m<path[39m
                [33
md[39m=[32m"M3 
7v6h6"[39m
              
[36m/>[39m
              
[36m<path[39m
                [33
md[39m=[32m"M21 
17a9 9 0 0 0-9-9 9 
9 0 0 0-6 2.3L3 
13"[39m
              
[36m/>[39m
            
[36m</svg>[39m
          
[36m</button>[39m
          
[36m<button[39m
            [33mcla
ss[39m=[32m"p-2 
hover:bg-stone-800 
rounded 
text-stone-400 hover
:text-white"[39m
            [33mtit
le[39m=[32m"Redo"
[39m
          
[36m>[39m
            
[36m<svg[39m
              [33ma
ria-hidden[39m=[32
m"true"[39m
              [33mc
lass[39m=[32m"luci
de lucide-redo w-4 
h-4"[39m
              [33mf
ill[39m=[32m"none"
[39m
              [33mh
eight[39m=[32m"24"
[39m
              [33ms
troke[39m=[32m"cur
rentColor"[39m
              [33ms
troke-linecap[39m=
[32m"round"[39m
              [33ms
troke-linejoin[39m=
[32m"round"[39m
              [33ms
troke-width[39m=[3
2m"2"[39m
              [33mv
iewBox[39m=[32m"0 
0 24 24"[39m
              [33mw
idth[39m=[32m"24"
[39m
              [33mx
mlns[39m=[32m"http
://www.w3.org/2000/s
vg"[39m
            
[36m>[39m
              
[36m<path[39m
                [33
md[39m=[32m"M21 
7v6h-6"[39m
              
[36m/>[39m
              
[36m<path[39m
                [33
md[39m=[32m"M3 
17a9 9 0 0 1 9-9 9 
9 0 0 1 6 2.3l3 
2.7"[39m
              
[36m/>[39m
            
[36m</svg>[39m
          
[36m</button>[39m
          
[36m<div[39m
            [33mcla
ss[39m=[32m"h-6 
w-px bg-stone-800 
mx-2"[39m
          
[36m/>[39m
          
[36m<button[39m
            [33mcla
ss[39m=[32m"bg-amb
er-600 
hover:bg-amber-700 
text-white px-4 
py-1.5 rounded-md 
text-sm font-bold 
flex items-center 
gap-2 
transition-colors 
disabled:opacity-50 
disabled:cursor-not-
allowed"[39m
          
[36m>[39m
            
[36m<svg[39m
              [33ma
ria-hidden[39m=[32
m"true"[39m
              [33mc
lass[39m=[32m"luci
de lucide-save w-4 
h-4"[39m
              [33mf
ill[39m=[32m"none"
[39m
              [33mh
eight[39m=[32m"24"
[39m
              [33ms
troke[39m=[32m"cur
rentColor"[39m
              [33ms
troke-linecap[39m=
[32m"round"[39m
              [33ms
troke-linejoin[39m=
[32m"round"[39m
              [33ms
troke-width[39m=[3
2m"2"[39m
              [33mv
iewBox[39m=[32m"0 
0 24 24"[39m
              [33mw
idth[39m=[32m"24"
[39m
              [33mx
mlns[39m=[32m"http
://www.w3.org/2000/s
vg"[39m
            
[36m>[39m
              
[36m<path[39m
                [33
md[39m=[32m"M15.2 
3a2 2 0 0 1 
1.4.6l3.8 3.8a2 2 0 
0 1 .6 1.4V19a2 2 0 
0 1-2 2H5a2 2 0 0 
1-2-2V5a2 2 0 0 1 
2-2z"[39m
              
[36m/>[39m
              
[36m<path[39m
                [33
md[39m=[32m"M17 
21v-7a1 1 0 0 
0-1-1H8a1 1 0 0 0-1 
1v7"[39m
              
[36m/>[39m
              
[36m<path[39m
                [33
md[39m=[32m"M7 
3v4a1 1 0 0 0 1 
1h7"[39m
              
[36m/>[39m
            
[36m</svg>[39m
            
[0mSave Scene[0m
          
[36m</button>[39m
          
[36m<button[39m
            [33mcla
ss[39m=[32m"p-2 
hover:bg-stone-800 
rounded 
text-stone-400 hover
:text-white"[39m
            [33mtit
le[39m=[32m"Share 
/ Publish"[39m
          
[36m>[39m
            
[36m<svg[39m
              [33ma
ria-hidden[39m=[..
.
[90m [2mΓ¥»[22m O
bject.getElementErro
r node_modules/@test
ing-library/dom/dist
/config.js:[2m37:19
[22m[39m
[90m [2mΓ¥»[22m n
ode_modules/@testing
-library/dom/dist/qu
ery-helpers.js:[2m7
6:38[22m[39m
[90m [2mΓ¥»[22m n
ode_modules/@testing
-library/dom/dist/qu
ery-helpers.js:[2m5
2:17[22m[39m
[90m [2mΓ¥»[22m n
ode_modules/@testing
-library/dom/dist/qu
ery-helpers.js:[2m9
5:19[22m[39m
[36m [2mΓ¥»[22m s
rc/__tests__/ModelEd
itor.test.tsx:[2m12
9:35[22m[39m
    [90m127| [39m
    [90m128| [39m 
     [90m// 
Simulate model 
loading with 
invalid URL[39m
    [90m129| [39m 
     
[35mconst[39m 
uploadButton 
[33m=[39m screen[
33m.[39m[34mgetByT
ext[39m([32m'Uploa
d Model'[39m)[33m;
[39m
    [90m   | [39m 
                    
             
[31m^[39m
    [90m130| [39m 
     fireEvent[33m.
[39m[34mclick[39m
(uploadButton)[33m;
[39m
    [90m131| [39m

[31m[2mΓÄ»ΓÄ»ΓÄ»ΓÄ
»ΓÄ»ΓÄ»ΓÄ»ΓÄ»ΓÄ»ΓÄ»Γ
Ä»ΓÄ»ΓÄ»ΓÄ»ΓÄ»ΓÄ»ΓÄ»
ΓÄ»ΓÄ»ΓÄ»ΓÄ»ΓÄ»ΓÄ»[2
/11]ΓÄ»[22m[39m

[41m[1m FAIL 
[22m[49m src/__tes
ts__/ModelEditor.tes
t.tsx[2m > 
[22mModelEditor 
Component[2m > 
[22mTransform 
Controls[2m > 
[22mshould update 
position values
[31m[1mTestingLibr
aryElementError[22m
[39m: Unable to 
find an element 
with the text: 
Upload Model. This 
could be because 
the text is broken 
up by multiple 
elements. In this 
case, you can 
provide a function 
for your text 
matcher to make 
your matcher more 
flexible.

Ignored nodes: 
comments, script, 
style
[36m<body>[39m
  [36m<div>[39m
    [36m<div[39m
      [33mclass[39
m=[32m"flex 
h-screen 
bg-stone-950 
text-stone-200 
overflow-hidden 
font-sans"[39m
      [33mdata-comp
onent[39m=[32m"Mod
el Editor"[39m
      [33mdata-file
[39m=[32m"src/page
s/editor/ModelEditor
.tsx"[39m
    [36m>[39m
      
[36m<header[39m
        [33mclass[
39m=[32m"fixed 
top-0 w-full h-14 
bg-stone-900 
border-b 
border-stone-800 
flex items-center 
justify-between 
px-4 z-50"[39m
      [36m>[39m
        
[36m<div[39m
          [33mclass
[39m=[32m"flex 
items-center 
gap-4"[39m
        [36m>[39m
          
[36m<a[39m
            [33mcla
ss[39m=[32m"p-2 
hover:bg-stone-800 
rounded-md 
text-stone-400 
hover:text-white tra
nsition-colors"[39m
            [33mdat
a-discover[39m=[32
m"true"[39m
            [33mhre
f[39m=[32m"/app/ed
itor/test-asset-123"
[39m
          
[36m>[39m
            
[36m<svg[39m
              [33ma
ria-hidden[39m=[32
m"true"[39m
              [33mc
lass[39m=[32m"luci
de 
lucide-arrow-left 
w-5 h-5"[39m
              [33mf
ill[39m=[32m"none"
[39m
              [33mh
eight[39m=[32m"24"
[39m
              [33ms
troke[39m=[32m"cur
rentColor"[39m
              [33ms
troke-linecap[39m=
[32m"round"[39m
              [33ms
troke-linejoin[39m=
[32m"round"[39m
              [33ms
troke-width[39m=[3
2m"2"[39m
              [33mv
iewBox[39m=[32m"0 
0 24 24"[39m
              [33mw
idth[39m=[32m"24"
[39m
              [33mx
mlns[39m=[32m"http
://www.w3.org/2000/s
vg"[39m
            
[36m>[39m
              
[36m<path[39m
                [33
md[39m=[32m"m12 
19-7-7 7-7"[39m
              
[36m/>[39m
              
[36m<path[39m
                [33
md[39m=[32m"M19 
12H5"[39m
              
[36m/>[39m
            
[36m</svg>[39m
          
[36m</a>[39m
          
[36m<div[39m
            [33mcla
ss[39m=[32m"h-6 
w-px 
bg-stone-800"[39m
          
[36m/>[39m
          
[36m<div[39m
            [33mcla
ss[39m=[32m"flex 
items-center 
gap-2"[39m
          
[36m>[39m
            
[36m<span[39m
              [33mc
lass[39m=[32m"font
-bold text-sm 
tracking-wide 
text-stone-100"[39m
            
[36m>[39m
              [0mte
st-asset-123[0m
            
[36m</span>[39m
            
[36m<span[39m
              [33mc
lass[39m=[32m"text
-xs bg-amber-500/20 
text-amber-500 px-2 
py-0.5 rounded 
border border-amber-
500/30"[39m
            
[36m>[39m
              
[0mDRAFT[0m
            
[36m</span>[39m
          
[36m</div>[39m
        
[36m</div>[39m
        
[36m<div[39m
          [33mclass
[39m=[32m"flex 
items-center 
gap-2"[39m
        [36m>[39m
          
[36m<span[39m
            [33mcla
ss[39m=[32m"text-x
s text-stone-500 
mr-2 hidden 
md:inline"[39m
          
[36m>[39m
            
[0mUnsaved 
changes[0m
          
[36m</span>[39m
          
[36m<button[39m
            [33mcla
ss[39m=[32m"p-2 
hover:bg-stone-800 
rounded 
text-stone-400 hover
:text-white"[39m
            [33mtit
le[39m=[32m"Undo"
[39m
          
[36m>[39m
            
[36m<svg[39m
              [33ma
ria-hidden[39m=[32
m"true"[39m
              [33mc
lass[39m=[32m"luci
de lucide-undo w-4 
h-4"[39m
              [33mf
ill[39m=[32m"none"
[39m
              [33mh
eight[39m=[32m"24"
[39m
              [33ms
troke[39m=[32m"cur
rentColor"[39m
              [33ms
troke-linecap[39m=
[32m"round"[39m
              [33ms
troke-linejoin[39m=
[32m"round"[39m
              [33ms
troke-width[39m=[3
2m"2"[39m
              [33mv
iewBox[39m=[32m"0 
0 24 24"[39m
              [33mw
idth[39m=[32m"24"
[39m
              [33mx
mlns[39m=[32m"http
://www.w3.org/2000/s
vg"[39m
            
[36m>[39m
              
[36m<path[39m
                [33
md[39m=[32m"M3 
7v6h6"[39m
              
[36m/>[39m
              
[36m<path[39m
                [33
md[39m=[32m"M21 
17a9 9 0 0 0-9-9 9 
9 0 0 0-6 2.3L3 
13"[39m
              
[36m/>[39m
            
[36m</svg>[39m
          
[36m</button>[39m
          
[36m<button[39m
            [33mcla
ss[39m=[32m"p-2 
hover:bg-stone-800 
rounded 
text-stone-400 hover
:text-white"[39m
            [33mtit
le[39m=[32m"Redo"
[39m
          
[36m>[39m
            
[36m<svg[39m
              [33ma
ria-hidden[39m=[32
m"true"[39m
              [33mc
lass[39m=[32m"luci
de lucide-redo w-4 
h-4"[39m
              [33mf
ill[39m=[32m"none"
[39m
              [33mh
eight[39m=[32m"24"
[39m
              [33ms
troke[39m=[32m"cur
rentColor"[39m
              [33ms
troke-linecap[39m=
[32m"round"[39m
              [33ms
troke-linejoin[39m=
[32m"round"[39m
              [33ms
troke-width[39m=[3
2m"2"[39m
              [33mv
iewBox[39m=[32m"0 
0 24 24"[39m
              [33mw
idth[39m=[32m"24"
[39m
              [33mx
mlns[39m=[32m"http
://www.w3.org/2000/s
vg"[39m
            
[36m>[39m
              
[36m<path[39m
                [33
md[39m=[32m"M21 
7v6h-6"[39m
              
[36m/>[39m
              
[36m<path[39m
                [33
md[39m=[32m"M3 
17a9 9 0 0 1 9-9 9 
9 0 0 1 6 2.3l3 
2.7"[39m
              
[36m/>[39m
            
[36m</svg>[39m
          
[36m</button>[39m
          
[36m<div[39m
            [33mcla
ss[39m=[32m"h-6 
w-px bg-stone-800 
mx-2"[39m
          
[36m/>[39m
          
[36m<button[39m
            [33mcla
ss[39m=[32m"bg-amb
er-600 
hover:bg-amber-700 
text-white px-4 
py-1.5 rounded-md 
text-sm font-bold 
flex items-center 
gap-2 
transition-colors 
disabled:opacity-50 
disabled:cursor-not-
allowed"[39m
          
[36m>[39m
            
[36m<svg[39m
              [33ma
ria-hidden[39m=[32
m"true"[39m
              [33mc
lass[39m=[32m"luci
de lucide-save w-4 
h-4"[39m
              [33mf
ill[39m=[32m"none"
[39m
              [33mh
eight[39m=[32m"24"
[39m
              [33ms
troke[39m=[32m"cur
rentColor"[39m
              [33ms
troke-linecap[39m=
[32m"round"[39m
              [33ms
troke-linejoin[39m=
[32m"round"[39m
              [33ms
troke-width[39m=[3
2m"2"[39m
              [33mv
iewBox[39m=[32m"0 
0 24 24"[39m
              [33mw
idth[39m=[32m"24"
[39m
              [33mx
mlns[39m=[32m"http
://www.w3.org/2000/s
vg"[39m
            
[36m>[39m
              
[36m<path[39m
                [33
md[39m=[32m"M15.2 
3a2 2 0 0 1 
1.4.6l3.8 3.8a2 2 0 
0 1 .6 1.4V19a2 2 0 
0 1-2 2H5a2 2 0 0 
1-2-2V5a2 2 0 0 1 
2-2z"[39m
              
[36m/>[39m
              
[36m<path[39m
                [33
md[39m=[32m"M17 
21v-7a1 1 0 0 
0-1-1H8a1 1 0 0 0-1 
1v7"[39m
              
[36m/>[39m
              
[36m<path[39m
                [33
md[39m=[32m"M7 
3v4a1 1 0 0 0 1 
1h7"[39m
              
[36m/>[39m
            
[36m</svg>[39m
            
[0mSave Scene[0m
          
[36m</button>[39m
          
[36m<button[39m
            [33mcla
ss[39m=[32m"p-2 
hover:bg-stone-800 
rounded 
text-stone-400 hover
:text-white"[39m
            [33mtit
le[39m=[32m"Share 
/ Publish"[39m
          
[36m>[39m
            
[36m<svg[39m
              [33ma
ria-hidden[39m=[..
.
[90m [2mΓ¥»[22m O
bject.getElementErro
r node_modules/@test
ing-library/dom/dist
/config.js:[2m37:19
[22m[39m
[90m [2mΓ¥»[22m n
ode_modules/@testing
-library/dom/dist/qu
ery-helpers.js:[2m7
6:38[22m[39m
[90m [2mΓ¥»[22m n
ode_modules/@testing
-library/dom/dist/qu
ery-helpers.js:[2m5
2:17[22m[39m
[90m [2mΓ¥»[22m n
ode_modules/@testing
-library/dom/dist/qu
ery-helpers.js:[2m9
5:19[22m[39m
[36m [2mΓ¥»[22m s
rc/__tests__/ModelEd
itor.test.tsx:[2m14
7:35[22m[39m
    [90m145| [39m 
     )[33m;[39m
    [90m146| [39m
    [90m147| [39m 
     
[35mconst[39m 
uploadButton 
[33m=[39m screen[
33m.[39m[34mgetByT
ext[39m([32m'Uploa
d Model'[39m)[33m;
[39m
    [90m   | [39m 
                    
             
[31m^[39m
    [90m148| [39m 
     fireEvent[33m.
[39m[34mclick[39m
(uploadButton)[33m;
[39m
    [90m149| [39m

[31m[2mΓÄ»ΓÄ»ΓÄ»ΓÄ
»ΓÄ»ΓÄ»ΓÄ»ΓÄ»ΓÄ»ΓÄ»Γ
Ä»ΓÄ»ΓÄ»ΓÄ»ΓÄ»ΓÄ»ΓÄ»
ΓÄ»ΓÄ»ΓÄ»ΓÄ»ΓÄ»ΓÄ»[3
/11]ΓÄ»[22m[39m

[41m[1m FAIL 
[22m[49m src/__tes
ts__/ModelEditor.tes
t.tsx[2m > 
[22mModelEditor 
Component[2m > 
[22mTransform 
Controls[2m > 
[22mshould reset 
transform to 
defaults
[31m[1mTestingLibr
aryElementError[22m
[39m: Unable to 
find an element 
with the text: 
Upload Model. This 
could be because 
the text is broken 
up by multiple 
elements. In this 
case, you can 
provide a function 
for your text 
matcher to make 
your matcher more 
flexible.

Ignored nodes: 
comments, script, 
style
[36m<body>[39m
  [36m<div>[39m
    [36m<div[39m
      [33mclass[39
m=[32m"flex 
h-screen 
bg-stone-950 
text-stone-200 
overflow-hidden 
font-sans"[39m
      [33mdata-comp
onent[39m=[32m"Mod
el Editor"[39m
      [33mdata-file
[39m=[32m"src/page
s/editor/ModelEditor
.tsx"[39m
    [36m>[39m
      
[36m<header[39m
        [33mclass[
39m=[32m"fixed 
top-0 w-full h-14 
bg-stone-900 
border-b 
border-stone-800 
flex items-center 
justify-between 
px-4 z-50"[39m
      [36m>[39m
        
[36m<div[39m
          [33mclass
[39m=[32m"flex 
items-center 
gap-4"[39m
        [36m>[39m
          
[36m<a[39m
            [33mcla
ss[39m=[32m"p-2 
hover:bg-stone-800 
rounded-md 
text-stone-400 
hover:text-white tra
nsition-colors"[39m
            [33mdat
a-discover[39m=[32
m"true"[39m
            [33mhre
f[39m=[32m"/app/ed
itor/test-asset-123"
[39m
          
[36m>[39m
            
[36m<svg[39m
              [33ma
ria-hidden[39m=[32
m"true"[39m
              [33mc
lass[39m=[32m"luci
de 
lucide-arrow-left 
w-5 h-5"[39m
              [33mf
ill[39m=[32m"none"
[39m
              [33mh
eight[39m=[32m"24"
[39m
              [33ms
troke[39m=[32m"cur
rentColor"[39m
              [33ms
troke-linecap[39m=
[32m"round"[39m
              [33ms
troke-linejoin[39m=
[32m"round"[39m
              [33ms
troke-width[39m=[3
2m"2"[39m
              [33mv
iewBox[39m=[32m"0 
0 24 24"[39m
              [33mw
idth[39m=[32m"24"
[39m
              [33mx
mlns[39m=[32m"http
://www.w3.org/2000/s
vg"[39m
            
[36m>[39m
              
[36m<path[39m
                [33
md[39m=[32m"m12 
19-7-7 7-7"[39m
              
[36m/>[39m
              
[36m<path[39m
                [33
md[39m=[32m"M19 
12H5"[39m
              
[36m/>[39m
            
[36m</svg>[39m
          
[36m</a>[39m
          
[36m<div[39m
            [33mcla
ss[39m=[32m"h-6 
w-px 
bg-stone-800"[39m
          
[36m/>[39m
          
[36m<div[39m
            [33mcla
ss[39m=[32m"flex 
items-center 
gap-2"[39m
          
[36m>[39m
            
[36m<span[39m
              [33mc
lass[39m=[32m"font
-bold text-sm 
tracking-wide 
text-stone-100"[39m
            
[36m>[39m
              [0mte
st-asset-123[0m
            
[36m</span>[39m
            
[36m<span[39m
              [33mc
lass[39m=[32m"text
-xs bg-amber-500/20 
text-amber-500 px-2 
py-0.5 rounded 
border border-amber-
500/30"[39m
            
[36m>[39m
              
[0mDRAFT[0m
            
[36m</span>[39m
          
[36m</div>[39m
        
[36m</div>[39m
        
[36m<div[39m
          [33mclass
[39m=[32m"flex 
items-center 
gap-2"[39m
        [36m>[39m
          
[36m<span[39m
            [33mcla
ss[39m=[32m"text-x
s text-stone-500 
mr-2 hidden 
md:inline"[39m
          
[36m>[39m
            
[0mUnsaved 
changes[0m
          
[36m</span>[39m
          
[36m<button[39m
            [33mcla
ss[39m=[32m"p-2 
hover:bg-stone-800 
rounded 
text-stone-400 hover
:text-white"[39m
            [33mtit
le[39m=[32m"Undo"
[39m
          
[36m>[39m
            
[36m<svg[39m
              [33ma
ria-hidden[39m=[32
m"true"[39m
              [33mc
lass[39m=[32m"luci
de lucide-undo w-4 
h-4"[39m
              [33mf
ill[39m=[32m"none"
[39m
              [33mh
eight[39m=[32m"24"
[39m
              [33ms
troke[39m=[32m"cur
rentColor"[39m
              [33ms
troke-linecap[39m=
[32m"round"[39m
              [33ms
troke-linejoin[39m=
[32m"round"[39m
              [33ms
troke-width[39m=[3
2m"2"[39m
              [33mv
iewBox[39m=[32m"0 
0 24 24"[39m
              [33mw
idth[39m=[32m"24"
[39m
              [33mx
mlns[39m=[32m"http
://www.w3.org/2000/s
vg"[39m
            
[36m>[39m
              
[36m<path[39m
                [33
md[39m=[32m"M3 
7v6h6"[39m
              
[36m/>[39m
              
[36m<path[39m
                [33
md[39m=[32m"M21 
17a9 9 0 0 0-9-9 9 
9 0 0 0-6 2.3L3 
13"[39m
              
[36m/>[39m
            
[36m</svg>[39m
          
[36m</button>[39m
          
[36m<button[39m
            [33mcla
ss[39m=[32m"p-2 
hover:bg-stone-800 
rounded 
text-stone-400 hover
:text-white"[39m
            [33mtit
le[39m=[32m"Redo"
[39m
          
[36m>[39m
            
[36m<svg[39m
              [33ma
ria-hidden[39m=[32
m"true"[39m
              [33mc
lass[39m=[32m"luci
de lucide-redo w-4 
h-4"[39m
              [33mf
ill[39m=[32m"none"
[39m
              [33mh
eight[39m=[32m"24"
[39m
              [33ms
troke[39m=[32m"cur
rentColor"[39m
              [33ms
troke-linecap[39m=
[32m"round"[39m
              [33ms
troke-linejoin[39m=
[32m"round"[39m
              [33ms
troke-width[39m=[3
2m"2"[39m
              [33mv
iewBox[39m=[32m"0 
0 24 24"[39m
              [33mw
idth[39m=[32m"24"
[39m
              [33mx
mlns[39m=[32m"http
://www.w3.org/2000/s
vg"[39m
            
[36m>[39m
              
[36m<path[39m
                [33
md[39m=[32m"M21 
7v6h-6"[39m
              
[36m/>[39m
              
[36m<path[39m
                [33
md[39m=[32m"M3 
17a9 9 0 0 1 9-9 9 
9 0 0 1 6 2.3l3 
2.7"[39m
              
[36m/>[39m
            
[36m</svg>[39m
          
[36m</button>[39m
          
[36m<div[39m
            [33mcla
ss[39m=[32m"h-6 
w-px bg-stone-800 
mx-2"[39m
          
[36m/>[39m
          
[36m<button[39m
            [33mcla
ss[39m=[32m"bg-amb
er-600 
hover:bg-amber-700 
text-white px-4 
py-1.5 rounded-md 
text-sm font-bold 
flex items-center 
gap-2 
transition-colors 
disabled:opacity-50 
disabled:cursor-not-
allowed"[39m
          
[36m>[39m
            
[36m<svg[39m
              [33ma
ria-hidden[39m=[32
m"true"[39m
              [33mc
lass[39m=[32m"luci
de lucide-save w-4 
h-4"[39m
              [33mf
ill[39m=[32m"none"
[39m
              [33mh
eight[39m=[32m"24"
[39m
              [33ms
troke[39m=[32m"cur
rentColor"[39m
              [33ms
troke-linecap[39m=
[32m"round"[39m
              [33ms
troke-linejoin[39m=
[32m"round"[39m
              [33ms
troke-width[39m=[3
2m"2"[39m
              [33mv
iewBox[39m=[32m"0 
0 24 24"[39m
              [33mw
idth[39m=[32m"24"
[39m
              [33mx
mlns[39m=[32m"http
://www.w3.org/2000/s
vg"[39m
            
[36m>[39m
              
[36m<path[39m
                [33
md[39m=[32m"M15.2 
3a2 2 0 0 1 
1.4.6l3.8 3.8a2 2 0 
0 1 .6 1.4V19a2 2 0 
0 1-2 2H5a2 2 0 0 
1-2-2V5a2 2 0 0 1 
2-2z"[39m
              
[36m/>[39m
              
[36m<path[39m
                [33
md[39m=[32m"M17 
21v-7a1 1 0 0 
0-1-1H8a1 1 0 0 0-1 
1v7"[39m
              
[36m/>[39m
              
[36m<path[39m
                [33
md[39m=[32m"M7 
3v4a1 1 0 0 0 1 
1h7"[39m
              
[36m/>[39m
            
[36m</svg>[39m
            
[0mSave Scene[0m
          
[36m</button>[39m
          
[36m<button[39m
            [33mcla
ss[39m=[32m"p-2 
hover:bg-stone-800 
rounded 
text-stone-400 hover
:text-white"[39m
            [33mtit
le[39m=[32m"Share 
/ Publish"[39m
          
[36m>[39m
            
[36m<svg[39m
              [33ma
ria-hidden[39m=[..
.
[90m [2mΓ¥»[22m O
bject.getElementErro
r node_modules/@test
ing-library/dom/dist
/config.js:[2m37:19
[22m[39m
[90m [2mΓ¥»[22m n
ode_modules/@testing
-library/dom/dist/qu
ery-helpers.js:[2m7
6:38[22m[39m
[90m [2mΓ¥»[22m n
ode_modules/@testing
-library/dom/dist/qu
ery-helpers.js:[2m5
2:17[22m[39m
[90m [2mΓ¥»[22m n
ode_modules/@testing
-library/dom/dist/qu
ery-helpers.js:[2m9
5:19[22m[39m
[36m [2mΓ¥»[22m s
rc/__tests__/ModelEd
itor.test.tsx:[2m16
9:35[22m[39m
    [90m167| [39m 
     )[33m;[39m
    [90m168| [39m
    [90m169| [39m 
     
[35mconst[39m 
uploadButton 
[33m=[39m screen[
33m.[39m[34mgetByT
ext[39m([32m'Uploa
d Model'[39m)[33m;
[39m
    [90m   | [39m 
                    
             
[31m^[39m
    [90m170| [39m 
     fireEvent[33m.
[39m[34mclick[39m
(uploadButton)[33m;
[39m
    [90m171| [39m

[31m[2mΓÄ»ΓÄ»ΓÄ»ΓÄ
»ΓÄ»ΓÄ»ΓÄ»ΓÄ»ΓÄ»ΓÄ»Γ
Ä»ΓÄ»ΓÄ»ΓÄ»ΓÄ»ΓÄ»ΓÄ»
ΓÄ»ΓÄ»ΓÄ»ΓÄ»ΓÄ»ΓÄ»[4
/11]ΓÄ»[22m[39m

[41m[1m FAIL 
[22m[49m src/__tes
ts__/ModelEditor.tes
t.tsx[2m > 
[22mModelEditor 
Component[2m > 
[22mLighting 
Controls[2m > 
[22mshould toggle 
auto-rotate
[31m[1mTestingLibr
aryElementError[22m
[39m: Unable to 
find an element 
with the text: 
Upload Model. This 
could be because 
the text is broken 
up by multiple 
elements. In this 
case, you can 
provide a function 
for your text 
matcher to make 
your matcher more 
flexible.

Ignored nodes: 
comments, script, 
style
[36m<body>[39m
  [36m<div>[39m
    [36m<div[39m
      [33mclass[39
m=[32m"flex 
h-screen 
bg-stone-950 
text-stone-200 
overflow-hidden 
font-sans"[39m
      [33mdata-comp
onent[39m=[32m"Mod
el Editor"[39m
      [33mdata-file
[39m=[32m"src/page
s/editor/ModelEditor
.tsx"[39m
    [36m>[39m
      
[36m<header[39m
        [33mclass[
39m=[32m"fixed 
top-0 w-full h-14 
bg-stone-900 
border-b 
border-stone-800 
flex items-center 
justify-between 
px-4 z-50"[39m
      [36m>[39m
        
[36m<div[39m
          [33mclass
[39m=[32m"flex 
items-center 
gap-4"[39m
        [36m>[39m
          
[36m<a[39m
            [33mcla
ss[39m=[32m"p-2 
hover:bg-stone-800 
rounded-md 
text-stone-400 
hover:text-white tra
nsition-colors"[39m
            [33mdat
a-discover[39m=[32
m"true"[39m
            [33mhre
f[39m=[32m"/app/ed
itor/test-asset-123"
[39m
          
[36m>[39m
            
[36m<svg[39m
              [33ma
ria-hidden[39m=[32
m"true"[39m
              [33mc
lass[39m=[32m"luci
de 
lucide-arrow-left 
w-5 h-5"[39m
              [33mf
ill[39m=[32m"none"
[39m
              [33mh
eight[39m=[32m"24"
[39m
              [33ms
troke[39m=[32m"cur
rentColor"[39m
              [33ms
troke-linecap[39m=
[32m"round"[39m
              [33ms
troke-linejoin[39m=
[32m"round"[39m
              [33ms
troke-width[39m=[3
2m"2"[39m
              [33mv
iewBox[39m=[32m"0 
0 24 24"[39m
              [33mw
idth[39m=[32m"24"
[39m
              [33mx
mlns[39m=[32m"http
://www.w3.org/2000/s
vg"[39m
            
[36m>[39m
              
[36m<path[39m
                [33
md[39m=[32m"m12 
19-7-7 7-7"[39m
              
[36m/>[39m
              
[36m<path[39m
                [33
md[39m=[32m"M19 
12H5"[39m
              
[36m/>[39m
            
[36m</svg>[39m
          
[36m</a>[39m
          
[36m<div[39m
            [33mcla
ss[39m=[32m"h-6 
w-px 
bg-stone-800"[39m
          
[36m/>[39m
          
[36m<div[39m
            [33mcla
ss[39m=[32m"flex 
items-center 
gap-2"[39m
          
[36m>[39m
            
[36m<span[39m
              [33mc
lass[39m=[32m"font
-bold text-sm 
tracking-wide 
text-stone-100"[39m
            
[36m>[39m
              [0mte
st-asset-123[0m
            
[36m</span>[39m
            
[36m<span[39m
              [33mc
lass[39m=[32m"text
-xs bg-amber-500/20 
text-amber-500 px-2 
py-0.5 rounded 
border border-amber-
500/30"[39m
            
[36m>[39m
              
[0mDRAFT[0m
            
[36m</span>[39m
          
[36m</div>[39m
        
[36m</div>[39m
        
[36m<div[39m
          [33mclass
[39m=[32m"flex 
items-center 
gap-2"[39m
        [36m>[39m
          
[36m<span[39m
            [33mcla
ss[39m=[32m"text-x
s text-stone-500 
mr-2 hidden 
md:inline"[39m
          
[36m>[39m
            
[0mUnsaved 
changes[0m
          
[36m</span>[39m
          
[36m<button[39m
            [33mcla
ss[39m=[32m"p-2 
hover:bg-stone-800 
rounded 
text-stone-400 hover
:text-white"[39m
            [33mtit
le[39m=[32m"Undo"
[39m
          
[36m>[39m
            
[36m<svg[39m
              [33ma
ria-hidden[39m=[32
m"true"[39m
              [33mc
lass[39m=[32m"luci
de lucide-undo w-4 
h-4"[39m
              [33mf
ill[39m=[32m"none"
[39m
              [33mh
eight[39m=[32m"24"
[39m
              [33ms
troke[39m=[32m"cur
rentColor"[39m
              [33ms
troke-linecap[39m=
[32m"round"[39m
              [33ms
troke-linejoin[39m=
[32m"round"[39m
              [33ms
troke-width[39m=[3
2m"2"[39m
              [33mv
iewBox[39m=[32m"0 
0 24 24"[39m
              [33mw
idth[39m=[32m"24"
[39m
              [33mx
mlns[39m=[32m"http
://www.w3.org/2000/s
vg"[39m
            
[36m>[39m
              
[36m<path[39m
                [33
md[39m=[32m"M3 
7v6h6"[39m
              
[36m/>[39m
              
[36m<path[39m
                [33
md[39m=[32m"M21 
17a9 9 0 0 0-9-9 9 
9 0 0 0-6 2.3L3 
13"[39m
              
[36m/>[39m
            
[36m</svg>[39m
          
[36m</button>[39m
          
[36m<button[39m
            [33mcla
ss[39m=[32m"p-2 
hover:bg-stone-800 
rounded 
text-stone-400 hover
:text-white"[39m
            [33mtit
le[39m=[32m"Redo"
[39m
          
[36m>[39m
            
[36m<svg[39m
              [33ma
ria-hidden[39m=[32
m"true"[39m
              [33mc
lass[39m=[32m"luci
de lucide-redo w-4 
h-4"[39m
              [33mf
ill[39m=[32m"none"
[39m
              [33mh
eight[39m=[32m"24"
[39m
              [33ms
troke[39m=[32m"cur
rentColor"[39m
              [33ms
troke-linecap[39m=
[32m"round"[39m
              [33ms
troke-linejoin[39m=
[32m"round"[39m
              [33ms
troke-width[39m=[3
2m"2"[39m
              [33mv
iewBox[39m=[32m"0 
0 24 24"[39m
              [33mw
idth[39m=[32m"24"
[39m
              [33mx
mlns[39m=[32m"http
://www.w3.org/2000/s
vg"[39m
            
[36m>[39m
              
[36m<path[39m
                [33
md[39m=[32m"M21 
7v6h-6"[39m
              
[36m/>[39m
              
[36m<path[39m
                [33
md[39m=[32m"M3 
17a9 9 0 0 1 9-9 9 
9 0 0 1 6 2.3l3 
2.7"[39m
              
[36m/>[39m
            
[36m</svg>[39m
          
[36m</button>[39m
          
[36m<div[39m
            [33mcla
ss[39m=[32m"h-6 
w-px bg-stone-800 
mx-2"[39m
          
[36m/>[39m
          
[36m<button[39m
            [33mcla
ss[39m=[32m"bg-amb
er-600 
hover:bg-amber-700 
text-white px-4 
py-1.5 rounded-md 
text-sm font-bold 
flex items-center 
gap-2 
transition-colors 
disabled:opacity-50 
disabled:cursor-not-
allowed"[39m
          
[36m>[39m
            
[36m<svg[39m
              [33ma
ria-hidden[39m=[32
m"true"[39m
              [33mc
lass[39m=[32m"luci
de lucide-save w-4 
h-4"[39m
              [33mf
ill[39m=[32m"none"
[39m
              [33mh
eight[39m=[32m"24"
[39m
              [33ms
troke[39m=[32m"cur
rentColor"[39m
              [33ms
troke-linecap[39m=
[32m"round"[39m
              [33ms
troke-linejoin[39m=
[32m"round"[39m
              [33ms
troke-width[39m=[3
2m"2"[39m
              [33mv
iewBox[39m=[32m"0 
0 24 24"[39m
              [33mw
idth[39m=[32m"24"
[39m
              [33mx
mlns[39m=[32m"http
://www.w3.org/2000/s
vg"[39m
            
[36m>[39m
              
[36m<path[39m
                [33
md[39m=[32m"M15.2 
3a2 2 0 0 1 
1.4.6l3.8 3.8a2 2 0 
0 1 .6 1.4V19a2 2 0 
0 1-2 2H5a2 2 0 0 
1-2-2V5a2 2 0 0 1 
2-2z"[39m
              
[36m/>[39m
              
[36m<path[39m
                [33
md[39m=[32m"M17 
21v-7a1 1 0 0 
0-1-1H8a1 1 0 0 0-1 
1v7"[39m
              
[36m/>[39m
              
[36m<path[39m
                [33
md[39m=[32m"M7 
3v4a1 1 0 0 0 1 
1h7"[39m
              
[36m/>[39m
            
[36m</svg>[39m
            
[0mSave Scene[0m
          
[36m</button>[39m
          
[36m<button[39m
            [33mcla
ss[39m=[32m"p-2 
hover:bg-stone-800 
rounded 
text-stone-400 hover
:text-white"[39m
            [33mtit
le[39m=[32m"Share 
/ Publish"[39m
          
[36m>[39m
            
[36m<svg[39m
              [33ma
ria-hidden[39m=[..
.
[90m [2mΓ¥»[22m O
bject.getElementErro
r node_modules/@test
ing-library/dom/dist
/config.js:[2m37:19
[22m[39m
[90m [2mΓ¥»[22m n
ode_modules/@testing
-library/dom/dist/qu
ery-helpers.js:[2m7
6:38[22m[39m
[90m [2mΓ¥»[22m n
ode_modules/@testing
-library/dom/dist/qu
ery-helpers.js:[2m5
2:17[22m[39m
[90m [2mΓ¥»[22m n
ode_modules/@testing
-library/dom/dist/qu
ery-helpers.js:[2m9
5:19[22m[39m
[36m [2mΓ¥»[22m s
rc/__tests__/ModelEd
itor.test.tsx:[2m19
6:35[22m[39m
    [90m194| [39m 
     )[33m;[39m
    [90m195| [39m
    [90m196| [39m 
     
[35mconst[39m 
uploadButton 
[33m=[39m screen[
33m.[39m[34mgetByT
ext[39m([32m'Uploa
d Model'[39m)[33m;
[39m
    [90m   | [39m 
                    
             
[31m^[39m
    [90m197| [39m 
     fireEvent[33m.
[39m[34mclick[39m
(uploadButton)[33m;
[39m
    [90m198| [39m

[31m[2mΓÄ»ΓÄ»ΓÄ»ΓÄ
»ΓÄ»ΓÄ»ΓÄ»ΓÄ»ΓÄ»ΓÄ»Γ
Ä»ΓÄ»ΓÄ»ΓÄ»ΓÄ»ΓÄ»ΓÄ»
ΓÄ»ΓÄ»ΓÄ»ΓÄ»ΓÄ»ΓÄ»[5
/11]ΓÄ»[22m[39m

[41m[1m FAIL 
[22m[49m src/__tes
ts__/ModelEditor.tes
t.tsx[2m > 
[22mModelEditor 
Component[2m > 
[22mLighting 
Controls[2m > 
[22mshould adjust 
exposure slider
[31m[1mTestingLibr
aryElementError[22m
[39m: Unable to 
find an element 
with the text: 
Upload Model. This 
could be because 
the text is broken 
up by multiple 
elements. In this 
case, you can 
provide a function 
for your text 
matcher to make 
your matcher more 
flexible.

Ignored nodes: 
comments, script, 
style
[36m<body>[39m
  [36m<div>[39m
    [36m<div[39m
      [33mclass[39
m=[32m"flex 
h-screen 
bg-stone-950 
text-stone-200 
overflow-hidden 
font-sans"[39m
      [33mdata-comp
onent[39m=[32m"Mod
el Editor"[39m
      [33mdata-file
[39m=[32m"src/page
s/editor/ModelEditor
.tsx"[39m
    [36m>[39m
      
[36m<header[39m
        [33mclass[
39m=[32m"fixed 
top-0 w-full h-14 
bg-stone-900 
border-b 
border-stone-800 
flex items-center 
justify-between 
px-4 z-50"[39m
      [36m>[39m
        
[36m<div[39m
          [33mclass
[39m=[32m"flex 
items-center 
gap-4"[39m
        [36m>[39m
          
[36m<a[39m
            [33mcla
ss[39m=[32m"p-2 
hover:bg-stone-800 
rounded-md 
text-stone-400 
hover:text-white tra
nsition-colors"[39m
            [33mdat
a-discover[39m=[32
m"true"[39m
            [33mhre
f[39m=[32m"/app/ed
itor/test-asset-123"
[39m
          
[36m>[39m
            
[36m<svg[39m
              [33ma
ria-hidden[39m=[32
m"true"[39m
              [33mc
lass[39m=[32m"luci
de 
lucide-arrow-left 
w-5 h-5"[39m
              [33mf
ill[39m=[32m"none"
[39m
              [33mh
eight[39m=[32m"24"
[39m
              [33ms
troke[39m=[32m"cur
rentColor"[39m
              [33ms
troke-linecap[39m=
[32m"round"[39m
              [33ms
troke-linejoin[39m=
[32m"round"[39m
              [33ms
troke-width[39m=[3
2m"2"[39m
              [33mv
iewBox[39m=[32m"0 
0 24 24"[39m
              [33mw
idth[39m=[32m"24"
[39m
              [33mx
mlns[39m=[32m"http
://www.w3.org/2000/s
vg"[39m
            
[36m>[39m
              
[36m<path[39m
                [33
md[39m=[32m"m12 
19-7-7 7-7"[39m
              
[36m/>[39m
              
[36m<path[39m
                [33
md[39m=[32m"M19 
12H5"[39m
              
[36m/>[39m
            
[36m</svg>[39m
          
[36m</a>[39m
          
[36m<div[39m
            [33mcla
ss[39m=[32m"h-6 
w-px 
bg-stone-800"[39m
          
[36m/>[39m
          
[36m<div[39m
            [33mcla
ss[39m=[32m"flex 
items-center 
gap-2"[39m
          
[36m>[39m
            
[36m<span[39m
              [33mc
lass[39m=[32m"font
-bold text-sm 
tracking-wide 
text-stone-100"[39m
            
[36m>[39m
              [0mte
st-asset-123[0m
            
[36m</span>[39m
            
[36m<span[39m
              [33mc
lass[39m=[32m"text
-xs bg-amber-500/20 
text-amber-500 px-2 
py-0.5 rounded 
border border-amber-
500/30"[39m
            
[36m>[39m
              
[0mDRAFT[0m
            
[36m</span>[39m
          
[36m</div>[39m
        
[36m</div>[39m
        
[36m<div[39m
          [33mclass
[39m=[32m"flex 
items-center 
gap-2"[39m
        [36m>[39m
          
[36m<span[39m
            [33mcla
ss[39m=[32m"text-x
s text-stone-500 
mr-2 hidden 
md:inline"[39m
          
[36m>[39m
            
[0mUnsaved 
changes[0m
          
[36m</span>[39m
          
[36m<button[39m
            [33mcla
ss[39m=[32m"p-2 
hover:bg-stone-800 
rounded 
text-stone-400 hover
:text-white"[39m
            [33mtit
le[39m=[32m"Undo"
[39m
          
[36m>[39m
            
[36m<svg[39m
              [33ma
ria-hidden[39m=[32
m"true"[39m
              [33mc
lass[39m=[32m"luci
de lucide-undo w-4 
h-4"[39m
              [33mf
ill[39m=[32m"none"
[39m
              [33mh
eight[39m=[32m"24"
[39m
              [33ms
troke[39m=[32m"cur
rentColor"[39m
              [33ms
troke-linecap[39m=
[32m"round"[39m
              [33ms
troke-linejoin[39m=
[32m"round"[39m
              [33ms
troke-width[39m=[3
2m"2"[39m
              [33mv
iewBox[39m=[32m"0 
0 24 24"[39m
              [33mw
idth[39m=[32m"24"
[39m
              [33mx
mlns[39m=[32m"http
://www.w3.org/2000/s
vg"[39m
            
[36m>[39m
              
[36m<path[39m
                [33
md[39m=[32m"M3 
7v6h6"[39m
              
[36m/>[39m
              
[36m<path[39m
                [33
md[39m=[32m"M21 
17a9 9 0 0 0-9-9 9 
9 0 0 0-6 2.3L3 
13"[39m
              
[36m/>[39m
            
[36m</svg>[39m
          
[36m</button>[39m
          
[36m<button[39m
            [33mcla
ss[39m=[32m"p-2 
hover:bg-stone-800 
rounded 
text-stone-400 hover
:text-white"[39m
            [33mtit
le[39m=[32m"Redo"
[39m
          
[36m>[39m
            
[36m<svg[39m
              [33ma
ria-hidden[39m=[32
m"true"[39m
              [33mc
lass[39m=[32m"luci
de lucide-redo w-4 
h-4"[39m
              [33mf
ill[39m=[32m"none"
[39m
              [33mh
eight[39m=[32m"24"
[39m
              [33ms
troke[39m=[32m"cur
rentColor"[39m
              [33ms
troke-linecap[39m=
[32m"round"[39m
              [33ms
troke-linejoin[39m=
[32m"round"[39m
              [33ms
troke-width[39m=[3
2m"2"[39m
              [33mv
iewBox[39m=[32m"0 
0 24 24"[39m
              [33mw
idth[39m=[32m"24"
[39m
              [33mx
mlns[39m=[32m"http
://www.w3.org/2000/s
vg"[39m
            
[36m>[39m
              
[36m<path[39m
                [33
md[39m=[32m"M21 
7v6h-6"[39m
              
[36m/>[39m
              
[36m<path[39m
                [33
md[39m=[32m"M3 
17a9 9 0 0 1 9-9 9 
9 0 0 1 6 2.3l3 
2.7"[39m
              
[36m/>[39m
            
[36m</svg>[39m
          
[36m</button>[39m
          
[36m<div[39m
            [33mcla
ss[39m=[32m"h-6 
w-px bg-stone-800 
mx-2"[39m
          
[36m/>[39m
          
[36m<button[39m
            [33mcla
ss[39m=[32m"bg-amb
er-600 
hover:bg-amber-700 
text-white px-4 
py-1.5 rounded-md 
text-sm font-bold 
flex items-center 
gap-2 
transition-colors 
disabled:opacity-50 
disabled:cursor-not-
allowed"[39m
          
[36m>[39m
            
[36m<svg[39m
              [33ma
ria-hidden[39m=[32
m"true"[39m
              [33mc
lass[39m=[32m"luci
de lucide-save w-4 
h-4"[39m
              [33mf
ill[39m=[32m"none"
[39m
              [33mh
eight[39m=[32m"24"
[39m
              [33ms
troke[39m=[32m"cur
rentColor"[39m
              [33ms
troke-linecap[39m=
[32m"round"[39m
              [33ms
troke-linejoin[39m=
[32m"round"[39m
              [33ms
troke-width[39m=[3
2m"2"[39m
              [33mv
iewBox[39m=[32m"0 
0 24 24"[39m
              [33mw
idth[39m=[32m"24"
[39m
              [33mx
mlns[39m=[32m"http
://www.w3.org/2000/s
vg"[39m
            
[36m>[39m
              
[36m<path[39m
                [33
md[39m=[32m"M15.2 
3a2 2 0 0 1 
1.4.6l3.8 3.8a2 2 0 
0 1 .6 1.4V19a2 2 0 
0 1-2 2H5a2 2 0 0 
1-2-2V5a2 2 0 0 1 
2-2z"[39m
              
[36m/>[39m
              
[36m<path[39m
                [33
md[39m=[32m"M17 
21v-7a1 1 0 0 
0-1-1H8a1 1 0 0 0-1 
1v7"[39m
              
[36m/>[39m
              
[36m<path[39m
                [33
md[39m=[32m"M7 
3v4a1 1 0 0 0 1 
1h7"[39m
              
[36m/>[39m
            
[36m</svg>[39m
            
[0mSave Scene[0m
          
[36m</button>[39m
          
[36m<button[39m
            [33mcla
ss[39m=[32m"p-2 
hover:bg-stone-800 
rounded 
text-stone-400 hover
:text-white"[39m
            [33mtit
le[39m=[32m"Share 
/ Publish"[39m
          
[36m>[39m
            
[36m<svg[39m
              [33ma
ria-hidden[39m=[..
.
[90m [2mΓ¥»[22m O
bject.getElementErro
r node_modules/@test
ing-library/dom/dist
/config.js:[2m37:19
[22m[39m
[90m [2mΓ¥»[22m n
ode_modules/@testing
-library/dom/dist/qu
ery-helpers.js:[2m7
6:38[22m[39m
[90m [2mΓ¥»[22m n
ode_modules/@testing
-library/dom/dist/qu
ery-helpers.js:[2m5
2:17[22m[39m
[90m [2mΓ¥»[22m n
ode_modules/@testing
-library/dom/dist/qu
ery-helpers.js:[2m9
5:19[22m[39m
[36m [2mΓ¥»[22m s
rc/__tests__/ModelEd
itor.test.tsx:[2m22
7:35[22m[39m
    [90m225| [39m 
     )[33m;[39m
    [90m226| [39m
    [90m227| [39m 
     
[35mconst[39m 
uploadButton 
[33m=[39m screen[
33m.[39m[34mgetByT
ext[39m([32m'Uploa
d Model'[39m)[33m;
[39m
    [90m   | [39m 
                    
             
[31m^[39m
    [90m228| [39m 
     fireEvent[33m.
[39m[34mclick[39m
(uploadButton)[33m;
[39m
    [90m229| [39m

[31m[2mΓÄ»ΓÄ»ΓÄ»ΓÄ
»ΓÄ»ΓÄ»ΓÄ»ΓÄ»ΓÄ»ΓÄ»Γ
Ä»ΓÄ»ΓÄ»ΓÄ»ΓÄ»ΓÄ»ΓÄ»
ΓÄ»ΓÄ»ΓÄ»ΓÄ»ΓÄ»ΓÄ»[6
/11]ΓÄ»[22m[39m

[41m[1m FAIL 
[22m[49m src/__tes
ts__/ModelEditor.tes
t.tsx[2m > 
[22mModelEditor 
Component[2m > 
[22mAR 
Functionality[2m > 
[22mshould have AR 
preview button
[31m[1mTestingLibr
aryElementError[22m
[39m: Unable to 
find an element 
with the text: 
Upload Model. This 
could be because 
the text is broken 
up by multiple 
elements. In this 
case, you can 
provide a function 
for your text 
matcher to make 
your matcher more 
flexible.

Ignored nodes: 
comments, script, 
style
[36m<body>[39m
  [36m<div>[39m
    [36m<div[39m
      [33mclass[39
m=[32m"flex 
h-screen 
bg-stone-950 
text-stone-200 
overflow-hidden 
font-sans"[39m
      [33mdata-comp
onent[39m=[32m"Mod
el Editor"[39m
      [33mdata-file
[39m=[32m"src/page
s/editor/ModelEditor
.tsx"[39m
    [36m>[39m
      
[36m<header[39m
        [33mclass[
39m=[32m"fixed 
top-0 w-full h-14 
bg-stone-900 
border-b 
border-stone-800 
flex items-center 
justify-between 
px-4 z-50"[39m
      [36m>[39m
        
[36m<div[39m
          [33mclass
[39m=[32m"flex 
items-center 
gap-4"[39m
        [36m>[39m
          
[36m<a[39m
            [33mcla
ss[39m=[32m"p-2 
hover:bg-stone-800 
rounded-md 
text-stone-400 
hover:text-white tra
nsition-colors"[39m
            [33mdat
a-discover[39m=[32
m"true"[39m
            [33mhre
f[39m=[32m"/app/ed
itor/test-asset-123"
[39m
          
[36m>[39m
            
[36m<svg[39m
              [33ma
ria-hidden[39m=[32
m"true"[39m
              [33mc
lass[39m=[32m"luci
de 
lucide-arrow-left 
w-5 h-5"[39m
              [33mf
ill[39m=[32m"none"
[39m
              [33mh
eight[39m=[32m"24"
[39m
              [33ms
troke[39m=[32m"cur
rentColor"[39m
              [33ms
troke-linecap[39m=
[32m"round"[39m
              [33ms
troke-linejoin[39m=
[32m"round"[39m
              [33ms
troke-width[39m=[3
2m"2"[39m
              [33mv
iewBox[39m=[32m"0 
0 24 24"[39m
              [33mw
idth[39m=[32m"24"
[39m
              [33mx
mlns[39m=[32m"http
://www.w3.org/2000/s
vg"[39m
            
[36m>[39m
              
[36m<path[39m
                [33
md[39m=[32m"m12 
19-7-7 7-7"[39m
              
[36m/>[39m
              
[36m<path[39m
                [33
md[39m=[32m"M19 
12H5"[39m
              
[36m/>[39m
            
[36m</svg>[39m
          
[36m</a>[39m
          
[36m<div[39m
            [33mcla
ss[39m=[32m"h-6 
w-px 
bg-stone-800"[39m
          
[36m/>[39m
          
[36m<div[39m
            [33mcla
ss[39m=[32m"flex 
items-center 
gap-2"[39m
          
[36m>[39m
            
[36m<span[39m
              [33mc
lass[39m=[32m"font
-bold text-sm 
tracking-wide 
text-stone-100"[39m
            
[36m>[39m
              [0mte
st-asset-123[0m
            
[36m</span>[39m
            
[36m<span[39m
              [33mc
lass[39m=[32m"text
-xs bg-amber-500/20 
text-amber-500 px-2 
py-0.5 rounded 
border border-amber-
500/30"[39m
            
[36m>[39m
              
[0mDRAFT[0m
            
[36m</span>[39m
          
[36m</div>[39m
        
[36m</div>[39m
        
[36m<div[39m
          [33mclass
[39m=[32m"flex 
items-center 
gap-2"[39m
        [36m>[39m
          
[36m<span[39m
            [33mcla
ss[39m=[32m"text-x
s text-stone-500 
mr-2 hidden 
md:inline"[39m
          
[36m>[39m
            
[0mUnsaved 
changes[0m
          
[36m</span>[39m
          
[36m<button[39m
            [33mcla
ss[39m=[32m"p-2 
hover:bg-stone-800 
rounded 
text-stone-400 hover
:text-white"[39m
            [33mtit
le[39m=[32m"Undo"
[39m
          
[36m>[39m
            
[36m<svg[39m
              [33ma
ria-hidden[39m=[32
m"true"[39m
              [33mc
lass[39m=[32m"luci
de lucide-undo w-4 
h-4"[39m
              [33mf
ill[39m=[32m"none"
[39m
              [33mh
eight[39m=[32m"24"
[39m
              [33ms
troke[39m=[32m"cur
rentColor"[39m
              [33ms
troke-linecap[39m=
[32m"round"[39m
              [33ms
troke-linejoin[39m=
[32m"round"[39m
              [33ms
troke-width[39m=[3
2m"2"[39m
              [33mv
iewBox[39m=[32m"0 
0 24 24"[39m
              [33mw
idth[39m=[32m"24"
[39m
              [33mx
mlns[39m=[32m"http
://www.w3.org/2000/s
vg"[39m
            
[36m>[39m
              
[36m<path[39m
                [33
md[39m=[32m"M3 
7v6h6"[39m
              
[36m/>[39m
              
[36m<path[39m
                [33
md[39m=[32m"M21 
17a9 9 0 0 0-9-9 9 
9 0 0 0-6 2.3L3 
13"[39m
              
[36m/>[39m
            
[36m</svg>[39m
          
[36m</button>[39m
          
[36m<button[39m
            [33mcla
ss[39m=[32m"p-2 
hover:bg-stone-800 
rounded 
text-stone-400 hover
:text-white"[39m
            [33mtit
le[39m=[32m"Redo"
[39m
          
[36m>[39m
            
[36m<svg[39m
              [33ma
ria-hidden[39m=[32
m"true"[39m
              [33mc
lass[39m=[32m"luci
de lucide-redo w-4 
h-4"[39m
              [33mf
ill[39m=[32m"none"
[39m
              [33mh
eight[39m=[32m"24"
[39m
              [33ms
troke[39m=[32m"cur
rentColor"[39m
              [33ms
troke-linecap[39m=
[32m"round"[39m
              [33ms
troke-linejoin[39m=
[32m"round"[39m
              [33ms
troke-width[39m=[3
2m"2"[39m
              [33mv
iewBox[39m=[32m"0 
0 24 24"[39m
              [33mw
idth[39m=[32m"24"
[39m
              [33mx
mlns[39m=[32m"http
://www.w3.org/2000/s
vg"[39m
            
[36m>[39m
              
[36m<path[39m
                [33
md[39m=[32m"M21 
7v6h-6"[39m
              
[36m/>[39m
              
[36m<path[39m
                [33
md[39m=[32m"M3 
17a9 9 0 0 1 9-9 9 
9 0 0 1 6 2.3l3 
2.7"[39m
              
[36m/>[39m
            
[36m</svg>[39m
          
[36m</button>[39m
          
[36m<div[39m
            [33mcla
ss[39m=[32m"h-6 
w-px bg-stone-800 
mx-2"[39m
          
[36m/>[39m
          
[36m<button[39m
            [33mcla
ss[39m=[32m"bg-amb
er-600 
hover:bg-amber-700 
text-white px-4 
py-1.5 rounded-md 
text-sm font-bold 
flex items-center 
gap-2 
transition-colors 
disabled:opacity-50 
disabled:cursor-not-
allowed"[39m
          
[36m>[39m
            
[36m<svg[39m
              [33ma
ria-hidden[39m=[32
m"true"[39m
              [33mc
lass[39m=[32m"luci
de lucide-save w-4 
h-4"[39m
              [33mf
ill[39m=[32m"none"
[39m
              [33mh
eight[39m=[32m"24"
[39m
              [33ms
troke[39m=[32m"cur
rentColor"[39m
              [33ms
troke-linecap[39m=
[32m"round"[39m
              [33ms
troke-linejoin[39m=
[32m"round"[39m
              [33ms
troke-width[39m=[3
2m"2"[39m
              [33mv
iewBox[39m=[32m"0 
0 24 24"[39m
              [33mw
idth[39m=[32m"24"
[39m
              [33mx
mlns[39m=[32m"http
://www.w3.org/2000/s
vg"[39m
            
[36m>[39m
              
[36m<path[39m
                [33
md[39m=[32m"M15.2 
3a2 2 0 0 1 
1.4.6l3.8 3.8a2 2 0 
0 1 .6 1.4V19a2 2 0 
0 1-2 2H5a2 2 0 0 
1-2-2V5a2 2 0 0 1 
2-2z"[39m
              
[36m/>[39m
              
[36m<path[39m
                [33
md[39m=[32m"M17 
21v-7a1 1 0 0 
0-1-1H8a1 1 0 0 0-1 
1v7"[39m
              
[36m/>[39m
              
[36m<path[39m
                [33
md[39m=[32m"M7 
3v4a1 1 0 0 0 1 
1h7"[39m
              
[36m/>[39m
            
[36m</svg>[39m
            
[0mSave Scene[0m
          
[36m</button>[39m
          
[36m<button[39m
            [33mcla
ss[39m=[32m"p-2 
hover:bg-stone-800 
rounded 
text-stone-400 hover
:text-white"[39m
            [33mtit
le[39m=[32m"Share 
/ Publish"[39m
          
[36m>[39m
            
[36m<svg[39m
              [33ma
ria-hidden[39m=[..
.
[90m [2mΓ¥»[22m O
bject.getElementErro
r node_modules/@test
ing-library/dom/dist
/config.js:[2m37:19
[22m[39m
[90m [2mΓ¥»[22m n
ode_modules/@testing
-library/dom/dist/qu
ery-helpers.js:[2m7
6:38[22m[39m
[90m [2mΓ¥»[22m n
ode_modules/@testing
-library/dom/dist/qu
ery-helpers.js:[2m5
2:17[22m[39m
[90m [2mΓ¥»[22m n
ode_modules/@testing
-library/dom/dist/qu
ery-helpers.js:[2m9
5:19[22m[39m
[36m [2mΓ¥»[22m s
rc/__tests__/ModelEd
itor.test.tsx:[2m26
0:35[22m[39m
    [90m258| [39m 
     )[33m;[39m
    [90m259| [39m
    [90m260| [39m 
     
[35mconst[39m 
uploadButton 
[33m=[39m screen[
33m.[39m[34mgetByT
ext[39m([32m'Uploa
d Model'[39m)[33m;
[39m
    [90m   | [39m 
                    
             
[31m^[39m
    [90m261| [39m 
     fireEvent[33m.
[39m[34mclick[39m
(uploadButton)[33m;
[39m
    [90m262| [39m

[31m[2mΓÄ»ΓÄ»ΓÄ»ΓÄ
»ΓÄ»ΓÄ»ΓÄ»ΓÄ»ΓÄ»ΓÄ»Γ
Ä»ΓÄ»ΓÄ»ΓÄ»ΓÄ»ΓÄ»ΓÄ»
ΓÄ»ΓÄ»ΓÄ»ΓÄ»ΓÄ»ΓÄ»[7
/11]ΓÄ»[22m[39m

[41m[1m FAIL 
[22m[49m src/__tes
ts__/ModelEditor.tes
t.tsx[2m > 
[22mModelEditor 
Component[2m > 
[22mAR 
Functionality[2m > 
[22mshould call 
activateAR on AR 
button click
[31m[1mTestingLibr
aryElementError[22m
[39m: Unable to 
find an element 
with the text: 
Upload Model. This 
could be because 
the text is broken 
up by multiple 
elements. In this 
case, you can 
provide a function 
for your text 
matcher to make 
your matcher more 
flexible.

Ignored nodes: 
comments, script, 
style
[36m<body>[39m
  [36m<div>[39m
    [36m<div[39m
      [33mclass[39
m=[32m"flex 
h-screen 
bg-stone-950 
text-stone-200 
overflow-hidden 
font-sans"[39m
      [33mdata-comp
onent[39m=[32m"Mod
el Editor"[39m
      [33mdata-file
[39m=[32m"src/page
s/editor/ModelEditor
.tsx"[39m
    [36m>[39m
      
[36m<header[39m
        [33mclass[
39m=[32m"fixed 
top-0 w-full h-14 
bg-stone-900 
border-b 
border-stone-800 
flex items-center 
justify-between 
px-4 z-50"[39m
      [36m>[39m
        
[36m<div[39m
          [33mclass
[39m=[32m"flex 
items-center 
gap-4"[39m
        [36m>[39m
          
[36m<a[39m
            [33mcla
ss[39m=[32m"p-2 
hover:bg-stone-800 
rounded-md 
text-stone-400 
hover:text-white tra
nsition-colors"[39m
            [33mdat
a-discover[39m=[32
m"true"[39m
            [33mhre
f[39m=[32m"/app/ed
itor/test-asset-123"
[39m
          
[36m>[39m
            
[36m<svg[39m
              [33ma
ria-hidden[39m=[32
m"true"[39m
              [33mc
lass[39m=[32m"luci
de 
lucide-arrow-left 
w-5 h-5"[39m
              [33mf
ill[39m=[32m"none"
[39m
              [33mh
eight[39m=[32m"24"
[39m
              [33ms
troke[39m=[32m"cur
rentColor"[39m
              [33ms
troke-linecap[39m=
[32m"round"[39m
              [33ms
troke-linejoin[39m=
[32m"round"[39m
              [33ms
troke-width[39m=[3
2m"2"[39m
              [33mv
iewBox[39m=[32m"0 
0 24 24"[39m
              [33mw
idth[39m=[32m"24"
[39m
              [33mx
mlns[39m=[32m"http
://www.w3.org/2000/s
vg"[39m
            
[36m>[39m
              
[36m<path[39m
                [33
md[39m=[32m"m12 
19-7-7 7-7"[39m
              
[36m/>[39m
              
[36m<path[39m
                [33
md[39m=[32m"M19 
12H5"[39m
              
[36m/>[39m
            
[36m</svg>[39m
          
[36m</a>[39m
          
[36m<div[39m
            [33mcla
ss[39m=[32m"h-6 
w-px 
bg-stone-800"[39m
          
[36m/>[39m
          
[36m<div[39m
            [33mcla
ss[39m=[32m"flex 
items-center 
gap-2"[39m
          
[36m>[39m
            
[36m<span[39m
              [33mc
lass[39m=[32m"font
-bold text-sm 
tracking-wide 
text-stone-100"[39m
            
[36m>[39m
              [0mte
st-asset-123[0m
            
[36m</span>[39m
            
[36m<span[39m
              [33mc
lass[39m=[32m"text
-xs bg-amber-500/20 
text-amber-500 px-2 
py-0.5 rounded 
border border-amber-
500/30"[39m
            
[36m>[39m
              
[0mDRAFT[0m
            
[36m</span>[39m
          
[36m</div>[39m
        
[36m</div>[39m
        
[36m<div[39m
          [33mclass
[39m=[32m"flex 
items-center 
gap-2"[39m
        [36m>[39m
          
[36m<span[39m
            [33mcla
ss[39m=[32m"text-x
s text-stone-500 
mr-2 hidden 
md:inline"[39m
          
[36m>[39m
            
[0mUnsaved 
changes[0m
          
[36m</span>[39m
          
[36m<button[39m
            [33mcla
ss[39m=[32m"p-2 
hover:bg-stone-800 
rounded 
text-stone-400 hover
:text-white"[39m
            [33mtit
le[39m=[32m"Undo"
[39m
          
[36m>[39m
            
[36m<svg[39m
              [33ma
ria-hidden[39m=[32
m"true"[39m
              [33mc
lass[39m=[32m"luci
de lucide-undo w-4 
h-4"[39m
              [33mf
ill[39m=[32m"none"
[39m
              [33mh
eight[39m=[32m"24"
[39m
              [33ms
troke[39m=[32m"cur
rentColor"[39m
              [33ms
troke-linecap[39m=
[32m"round"[39m
              [33ms
troke-linejoin[39m=
[32m"round"[39m
              [33ms
troke-width[39m=[3
2m"2"[39m
              [33mv
iewBox[39m=[32m"0 
0 24 24"[39m
              [33mw
idth[39m=[32m"24"
[39m
              [33mx
mlns[39m=[32m"http
://www.w3.org/2000/s
vg"[39m
            
[36m>[39m
              
[36m<path[39m
                [33
md[39m=[32m"M3 
7v6h6"[39m
              
[36m/>[39m
              
[36m<path[39m
                [33
md[39m=[32m"M21 
17a9 9 0 0 0-9-9 9 
9 0 0 0-6 2.3L3 
13"[39m
              
[36m/>[39m
            
[36m</svg>[39m
          
[36m</button>[39m
          
[36m<button[39m
            [33mcla
ss[39m=[32m"p-2 
hover:bg-stone-800 
rounded 
text-stone-400 hover
:text-white"[39m
            [33mtit
le[39m=[32m"Redo"
[39m
          
[36m>[39m
            
[36m<svg[39m
              [33ma
ria-hidden[39m=[32
m"true"[39m
              [33mc
lass[39m=[32m"luci
de lucide-redo w-4 
h-4"[39m
              [33mf
ill[39m=[32m"none"
[39m
              [33mh
eight[39m=[32m"24"
[39m
              [33ms
troke[39m=[32m"cur
rentColor"[39m
              [33ms
troke-linecap[39m=
[32m"round"[39m
              [33ms
troke-linejoin[39m=
[32m"round"[39m
              [33ms
troke-width[39m=[3
2m"2"[39m
              [33mv
iewBox[39m=[32m"0 
0 24 24"[39m
              [33mw
idth[39m=[32m"24"
[39m
              [33mx
mlns[39m=[32m"http
://www.w3.org/2000/s
vg"[39m
            
[36m>[39m
              
[36m<path[39m
                [33
md[39m=[32m"M21 
7v6h-6"[39m
              
[36m/>[39m
              
[36m<path[39m
                [33
md[39m=[32m"M3 
17a9 9 0 0 1 9-9 9 
9 0 0 1 6 2.3l3 
2.7"[39m
              
[36m/>[39m
            
[36m</svg>[39m
          
[36m</button>[39m
          
[36m<div[39m
            [33mcla
ss[39m=[32m"h-6 
w-px bg-stone-800 
mx-2"[39m
          
[36m/>[39m
          
[36m<button[39m
            [33mcla
ss[39m=[32m"bg-amb
er-600 
hover:bg-amber-700 
text-white px-4 
py-1.5 rounded-md 
text-sm font-bold 
flex items-center 
gap-2 
transition-colors 
disabled:opacity-50 
disabled:cursor-not-
allowed"[39m
          
[36m>[39m
            
[36m<svg[39m
              [33ma
ria-hidden[39m=[32
m"true"[39m
              [33mc
lass[39m=[32m"luci
de lucide-save w-4 
h-4"[39m
              [33mf
ill[39m=[32m"none"
[39m
              [33mh
eight[39m=[32m"24"
[39m
              [33ms
troke[39m=[32m"cur
rentColor"[39m
              [33ms
troke-linecap[39m=
[32m"round"[39m
              [33ms
troke-linejoin[39m=
[32m"round"[39m
              [33ms
troke-width[39m=[3
2m"2"[39m
              [33mv
iewBox[39m=[32m"0 
0 24 24"[39m
              [33mw
idth[39m=[32m"24"
[39m
              [33mx
mlns[39m=[32m"http
://www.w3.org/2000/s
vg"[39m
            
[36m>[39m
              
[36m<path[39m
                [33
md[39m=[32m"M15.2 
3a2 2 0 0 1 
1.4.6l3.8 3.8a2 2 0 
0 1 .6 1.4V19a2 2 0 
0 1-2 2H5a2 2 0 0 
1-2-2V5a2 2 0 0 1 
2-2z"[39m
              
[36m/>[39m
              
[36m<path[39m
                [33
md[39m=[32m"M17 
21v-7a1 1 0 0 
0-1-1H8a1 1 0 0 0-1 
1v7"[39m
              
[36m/>[39m
              
[36m<path[39m
                [33
md[39m=[32m"M7 
3v4a1 1 0 0 0 1 
1h7"[39m
              
[36m/>[39m
            
[36m</svg>[39m
            
[0mSave Scene[0m
          
[36m</button>[39m
          
[36m<button[39m
            [33mcla
ss[39m=[32m"p-2 
hover:bg-stone-800 
rounded 
text-stone-400 hover
:text-white"[39m
            [33mtit
le[39m=[32m"Share 
/ Publish"[39m
          
[36m>[39m
            
[36m<svg[39m
              [33ma
ria-hidden[39m=[..
.
[90m [2mΓ¥»[22m O
bject.getElementErro
r node_modules/@test
ing-library/dom/dist
/config.js:[2m37:19
[22m[39m
[90m [2mΓ¥»[22m n
ode_modules/@testing
-library/dom/dist/qu
ery-helpers.js:[2m7
6:38[22m[39m
[90m [2mΓ¥»[22m n
ode_modules/@testing
-library/dom/dist/qu
ery-helpers.js:[2m5
2:17[22m[39m
[90m [2mΓ¥»[22m n
ode_modules/@testing
-library/dom/dist/qu
ery-helpers.js:[2m9
5:19[22m[39m
[36m [2mΓ¥»[22m s
rc/__tests__/ModelEd
itor.test.tsx:[2m27
6:35[22m[39m
    [90m274| [39m 
     )[33m;[39m
    [90m275| [39m
    [90m276| [39m 
     
[35mconst[39m 
uploadButton 
[33m=[39m screen[
33m.[39m[34mgetByT
ext[39m([32m'Uploa
d Model'[39m)[33m;
[39m
    [90m   | [39m 
                    
             
[31m^[39m
    [90m277| [39m 
     fireEvent[33m.
[39m[34mclick[39m
(uploadButton)[33m;
[39m
    [90m278| [39m

[31m[2mΓÄ»ΓÄ»ΓÄ»ΓÄ
»ΓÄ»ΓÄ»ΓÄ»ΓÄ»ΓÄ»ΓÄ»Γ
Ä»ΓÄ»ΓÄ»ΓÄ»ΓÄ»ΓÄ»ΓÄ»
ΓÄ»ΓÄ»ΓÄ»ΓÄ»ΓÄ»ΓÄ»[8
/11]ΓÄ»[22m[39m

[41m[1m FAIL 
[22m[49m src/__tes
ts__/ModelEditor.tes
t.tsx[2m > 
[22mModelEditor 
Component[2m > 
[22mShare 
Functionality[2m > 
[22mshould open 
share modal
[31m[1mTestingLibr
aryElementError[22m
[39m: Unable to 
find an element 
with the text: 
Upload Model. This 
could be because 
the text is broken 
up by multiple 
elements. In this 
case, you can 
provide a function 
for your text 
matcher to make 
your matcher more 
flexible.

Ignored nodes: 
comments, script, 
style
[36m<body>[39m
  [36m<div>[39m
    [36m<div[39m
      [33mclass[39
m=[32m"flex 
h-screen 
bg-stone-950 
text-stone-200 
overflow-hidden 
font-sans"[39m
      [33mdata-comp
onent[39m=[32m"Mod
el Editor"[39m
      [33mdata-file
[39m=[32m"src/page
s/editor/ModelEditor
.tsx"[39m
    [36m>[39m
      
[36m<header[39m
        [33mclass[
39m=[32m"fixed 
top-0 w-full h-14 
bg-stone-900 
border-b 
border-stone-800 
flex items-center 
justify-between 
px-4 z-50"[39m
      [36m>[39m
        
[36m<div[39m
          [33mclass
[39m=[32m"flex 
items-center 
gap-4"[39m
        [36m>[39m
          
[36m<a[39m
            [33mcla
ss[39m=[32m"p-2 
hover:bg-stone-800 
rounded-md 
text-stone-400 
hover:text-white tra
nsition-colors"[39m
            [33mdat
a-discover[39m=[32
m"true"[39m
            [33mhre
f[39m=[32m"/app/ed
itor/test-asset-123"
[39m
          
[36m>[39m
            
[36m<svg[39m
              [33ma
ria-hidden[39m=[32
m"true"[39m
              [33mc
lass[39m=[32m"luci
de 
lucide-arrow-left 
w-5 h-5"[39m
              [33mf
ill[39m=[32m"none"
[39m
              [33mh
eight[39m=[32m"24"
[39m
              [33ms
troke[39m=[32m"cur
rentColor"[39m
              [33ms
troke-linecap[39m=
[32m"round"[39m
              [33ms
troke-linejoin[39m=
[32m"round"[39m
              [33ms
troke-width[39m=[3
2m"2"[39m
              [33mv
iewBox[39m=[32m"0 
0 24 24"[39m
              [33mw
idth[39m=[32m"24"
[39m
              [33mx
mlns[39m=[32m"http
://www.w3.org/2000/s
vg"[39m
            
[36m>[39m
              
[36m<path[39m
                [33
md[39m=[32m"m12 
19-7-7 7-7"[39m
              
[36m/>[39m
              
[36m<path[39m
                [33
md[39m=[32m"M19 
12H5"[39m
              
[36m/>[39m
            
[36m</svg>[39m
          
[36m</a>[39m
          
[36m<div[39m
            [33mcla
ss[39m=[32m"h-6 
w-px 
bg-stone-800"[39m
          
[36m/>[39m
          
[36m<div[39m
            [33mcla
ss[39m=[32m"flex 
items-center 
gap-2"[39m
          
[36m>[39m
            
[36m<span[39m
              [33mc
lass[39m=[32m"font
-bold text-sm 
tracking-wide 
text-stone-100"[39m
            
[36m>[39m
              [0mte
st-asset-123[0m
            
[36m</span>[39m
            
[36m<span[39m
              [33mc
lass[39m=[32m"text
-xs bg-amber-500/20 
text-amber-500 px-2 
py-0.5 rounded 
border border-amber-
500/30"[39m
            
[36m>[39m
              
[0mDRAFT[0m
            
[36m</span>[39m
          
[36m</div>[39m
        
[36m</div>[39m
        
[36m<div[39m
          [33mclass
[39m=[32m"flex 
items-center 
gap-2"[39m
        [36m>[39m
          
[36m<span[39m
            [33mcla
ss[39m=[32m"text-x
s text-stone-500 
mr-2 hidden 
md:inline"[39m
          
[36m>[39m
            
[0mUnsaved 
changes[0m
          
[36m</span>[39m
          
[36m<button[39m
            [33mcla
ss[39m=[32m"p-2 
hover:bg-stone-800 
rounded 
text-stone-400 hover
:text-white"[39m
            [33mtit
le[39m=[32m"Undo"
[39m
          
[36m>[39m
            
[36m<svg[39m
              [33ma
ria-hidden[39m=[32
m"true"[39m
              [33mc
lass[39m=[32m"luci
de lucide-undo w-4 
h-4"[39m
              [33mf
ill[39m=[32m"none"
[39m
              [33mh
eight[39m=[32m"24"
[39m
              [33ms
troke[39m=[32m"cur
rentColor"[39m
              [33ms
troke-linecap[39m=
[32m"round"[39m
              [33ms
troke-linejoin[39m=
[32m"round"[39m
              [33ms
troke-width[39m=[3
2m"2"[39m
              [33mv
iewBox[39m=[32m"0 
0 24 24"[39m
              [33mw
idth[39m=[32m"24"
[39m
              [33mx
mlns[39m=[32m"http
://www.w3.org/2000/s
vg"[39m
            
[36m>[39m
              
[36m<path[39m
                [33
md[39m=[32m"M3 
7v6h6"[39m
              
[36m/>[39m
              
[36m<path[39m
                [33
md[39m=[32m"M21 
17a9 9 0 0 0-9-9 9 
9 0 0 0-6 2.3L3 
13"[39m
              
[36m/>[39m
            
[36m</svg>[39m
          
[36m</button>[39m
          
[36m<button[39m
            [33mcla
ss[39m=[32m"p-2 
hover:bg-stone-800 
rounded 
text-stone-400 hover
:text-white"[39m
            [33mtit
le[39m=[32m"Redo"
[39m
          
[36m>[39m
            
[36m<svg[39m
              [33ma
ria-hidden[39m=[32
m"true"[39m
              [33mc
lass[39m=[32m"luci
de lucide-redo w-4 
h-4"[39m
              [33mf
ill[39m=[32m"none"
[39m
              [33mh
eight[39m=[32m"24"
[39m
              [33ms
troke[39m=[32m"cur
rentColor"[39m
              [33ms
troke-linecap[39m=
[32m"round"[39m
              [33ms
troke-linejoin[39m=
[32m"round"[39m
              [33ms
troke-width[39m=[3
2m"2"[39m
              [33mv
iewBox[39m=[32m"0 
0 24 24"[39m
              [33mw
idth[39m=[32m"24"
[39m
              [33mx
mlns[39m=[32m"http
://www.w3.org/2000/s
vg"[39m
            
[36m>[39m
              
[36m<path[39m
                [33
md[39m=[32m"M21 
7v6h-6"[39m
              
[36m/>[39m
              
[36m<path[39m
                [33
md[39m=[32m"M3 
17a9 9 0 0 1 9-9 9 
9 0 0 1 6 2.3l3 
2.7"[39m
              
[36m/>[39m
            
[36m</svg>[39m
          
[36m</button>[39m
          
[36m<div[39m
            [33mcla
ss[39m=[32m"h-6 
w-px bg-stone-800 
mx-2"[39m
          
[36m/>[39m
          
[36m<button[39m
            [33mcla
ss[39m=[32m"bg-amb
er-600 
hover:bg-amber-700 
text-white px-4 
py-1.5 rounded-md 
text-sm font-bold 
flex items-center 
gap-2 
transition-colors 
disabled:opacity-50 
disabled:cursor-not-
allowed"[39m
          
[36m>[39m
            
[36m<svg[39m
              [33ma
ria-hidden[39m=[32
m"true"[39m
              [33mc
lass[39m=[32m"luci
de lucide-save w-4 
h-4"[39m
              [33mf
ill[39m=[32m"none"
[39m
              [33mh
eight[39m=[32m"24"
[39m
              [33ms
troke[39m=[32m"cur
rentColor"[39m
              [33ms
troke-linecap[39m=
[32m"round"[39m
              [33ms
troke-linejoin[39m=
[32m"round"[39m
              [33ms
troke-width[39m=[3
2m"2"[39m
              [33mv
iewBox[39m=[32m"0 
0 24 24"[39m
              [33mw
idth[39m=[32m"24"
[39m
              [33mx
mlns[39m=[32m"http
://www.w3.org/2000/s
vg"[39m
            
[36m>[39m
              
[36m<path[39m
                [33
md[39m=[32m"M15.2 
3a2 2 0 0 1 
1.4.6l3.8 3.8a2 2 0 
0 1 .6 1.4V19a2 2 0 
0 1-2 2H5a2 2 0 0 
1-2-2V5a2 2 0 0 1 
2-2z"[39m
              
[36m/>[39m
              
[36m<path[39m
                [33
md[39m=[32m"M17 
21v-7a1 1 0 0 
0-1-1H8a1 1 0 0 0-1 
1v7"[39m
              
[36m/>[39m
              
[36m<path[39m
                [33
md[39m=[32m"M7 
3v4a1 1 0 0 0 1 
1h7"[39m
              
[36m/>[39m
            
[36m</svg>[39m
            
[0mSave Scene[0m
          
[36m</button>[39m
          
[36m<button[39m
            [33mcla
ss[39m=[32m"p-2 
hover:bg-stone-800 
rounded 
text-stone-400 hover
:text-white"[39m
            [33mtit
le[39m=[32m"Share 
/ Publish"[39m
          
[36m>[39m
            
[36m<svg[39m
              [33ma
ria-hidden[39m=[..
.
[90m [2mΓ¥»[22m O
bject.getElementErro
r node_modules/@test
ing-library/dom/dist
/config.js:[2m37:19
[22m[39m
[90m [2mΓ¥»[22m n
ode_modules/@testing
-library/dom/dist/qu
ery-helpers.js:[2m7
6:38[22m[39m
[90m [2mΓ¥»[22m n
ode_modules/@testing
-library/dom/dist/qu
ery-helpers.js:[2m5
2:17[22m[39m
[90m [2mΓ¥»[22m n
ode_modules/@testing
-library/dom/dist/qu
ery-helpers.js:[2m9
5:19[22m[39m
[36m [2mΓ¥»[22m s
rc/__tests__/ModelEd
itor.test.tsx:[2m29
7:35[22m[39m
    [90m295| [39m 
     )[33m;[39m
    [90m296| [39m
    [90m297| [39m 
     
[35mconst[39m 
uploadButton 
[33m=[39m screen[
33m.[39m[34mgetByT
ext[39m([32m'Uploa
d Model'[39m)[33m;
[39m
    [90m   | [39m 
                    
             
[31m^[39m
    [90m298| [39m 
     fireEvent[33m.
[39m[34mclick[39m
(uploadButton)[33m;
[39m
    [90m299| [39m

[31m[2mΓÄ»ΓÄ»ΓÄ»ΓÄ
»ΓÄ»ΓÄ»ΓÄ»ΓÄ»ΓÄ»ΓÄ»Γ
Ä»ΓÄ»ΓÄ»ΓÄ»ΓÄ»ΓÄ»ΓÄ»
ΓÄ»ΓÄ»ΓÄ»ΓÄ»ΓÄ»ΓÄ»[9
/11]ΓÄ»[22m[39m

[41m[1m FAIL 
[22m[49m src/__tes
ts__/ModelEditor.tes
t.tsx[2m > 
[22mModelEditor 
Component[2m > 
[22mShare 
Functionality[2m > 
[22mshould copy 
share link to 
clipboard
[31m[1mTestingLibr
aryElementError[22m
[39m: Unable to 
find an element 
with the text: 
Upload Model. This 
could be because 
the text is broken 
up by multiple 
elements. In this 
case, you can 
provide a function 
for your text 
matcher to make 
your matcher more 
flexible.

Ignored nodes: 
comments, script, 
style
[36m<body>[39m
  [36m<div>[39m
    [36m<div[39m
      [33mclass[39
m=[32m"flex 
h-screen 
bg-stone-950 
text-stone-200 
overflow-hidden 
font-sans"[39m
      [33mdata-comp
onent[39m=[32m"Mod
el Editor"[39m
      [33mdata-file
[39m=[32m"src/page
s/editor/ModelEditor
.tsx"[39m
    [36m>[39m
      
[36m<header[39m
        [33mclass[
39m=[32m"fixed 
top-0 w-full h-14 
bg-stone-900 
border-b 
border-stone-800 
flex items-center 
justify-between 
px-4 z-50"[39m
      [36m>[39m
        
[36m<div[39m
          [33mclass
[39m=[32m"flex 
items-center 
gap-4"[39m
        [36m>[39m
          
[36m<a[39m
            [33mcla
ss[39m=[32m"p-2 
hover:bg-stone-800 
rounded-md 
text-stone-400 
hover:text-white tra
nsition-colors"[39m
            [33mdat
a-discover[39m=[32
m"true"[39m
            [33mhre
f[39m=[32m"/app/ed
itor/test-asset-123"
[39m
          
[36m>[39m
            
[36m<svg[39m
              [33ma
ria-hidden[39m=[32
m"true"[39m
              [33mc
lass[39m=[32m"luci
de 
lucide-arrow-left 
w-5 h-5"[39m
              [33mf
ill[39m=[32m"none"
[39m
              [33mh
eight[39m=[32m"24"
[39m
              [33ms
troke[39m=[32m"cur
rentColor"[39m
              [33ms
troke-linecap[39m=
[32m"round"[39m
              [33ms
troke-linejoin[39m=
[32m"round"[39m
              [33ms
troke-width[39m=[3
2m"2"[39m
              [33mv
iewBox[39m=[32m"0 
0 24 24"[39m
              [33mw
idth[39m=[32m"24"
[39m
              [33mx
mlns[39m=[32m"http
://www.w3.org/2000/s
vg"[39m
            
[36m>[39m
              
[36m<path[39m
                [33
md[39m=[32m"m12 
19-7-7 7-7"[39m
              
[36m/>[39m
              
[36m<path[39m
                [33
md[39m=[32m"M19 
12H5"[39m
              
[36m/>[39m
            
[36m</svg>[39m
          
[36m</a>[39m
          
[36m<div[39m
            [33mcla
ss[39m=[32m"h-6 
w-px 
bg-stone-800"[39m
          
[36m/>[39m
          
[36m<div[39m
            [33mcla
ss[39m=[32m"flex 
items-center 
gap-2"[39m
          
[36m>[39m
            
[36m<span[39m
              [33mc
lass[39m=[32m"font
-bold text-sm 
tracking-wide 
text-stone-100"[39m
            
[36m>[39m
              [0mte
st-asset-123[0m
            
[36m</span>[39m
            
[36m<span[39m
              [33mc
lass[39m=[32m"text
-xs bg-amber-500/20 
text-amber-500 px-2 
py-0.5 rounded 
border border-amber-
500/30"[39m
            
[36m>[39m
              
[0mDRAFT[0m
            
[36m</span>[39m
          
[36m</div>[39m
        
[36m</div>[39m
        
[36m<div[39m
          [33mclass
[39m=[32m"flex 
items-center 
gap-2"[39m
        [36m>[39m
          
[36m<span[39m
            [33mcla
ss[39m=[32m"text-x
s text-stone-500 
mr-2 hidden 
md:inline"[39m
          
[36m>[39m
            
[0mUnsaved 
changes[0m
          
[36m</span>[39m
          
[36m<button[39m
            [33mcla
ss[39m=[32m"p-2 
hover:bg-stone-800 
rounded 
text-stone-400 hover
:text-white"[39m
            [33mtit
le[39m=[32m"Undo"
[39m
          
[36m>[39m
            
[36m<svg[39m
              [33ma
ria-hidden[39m=[32
m"true"[39m
              [33mc
lass[39m=[32m"luci
de lucide-undo w-4 
h-4"[39m
              [33mf
ill[39m=[32m"none"
[39m
              [33mh
eight[39m=[32m"24"
[39m
              [33ms
troke[39m=[32m"cur
rentColor"[39m
              [33ms
troke-linecap[39m=
[32m"round"[39m
              [33ms
troke-linejoin[39m=
[32m"round"[39m
              [33ms
troke-width[39m=[3
2m"2"[39m
              [33mv
iewBox[39m=[32m"0 
0 24 24"[39m
              [33mw
idth[39m=[32m"24"
[39m
              [33mx
mlns[39m=[32m"http
://www.w3.org/2000/s
vg"[39m
            
[36m>[39m
              
[36m<path[39m
                [33
md[39m=[32m"M3 
7v6h6"[39m
              
[36m/>[39m
              
[36m<path[39m
                [33
md[39m=[32m"M21 
17a9 9 0 0 0-9-9 9 
9 0 0 0-6 2.3L3 
13"[39m
              
[36m/>[39m
            
[36m</svg>[39m
          
[36m</button>[39m
          
[36m<button[39m
            [33mcla
ss[39m=[32m"p-2 
hover:bg-stone-800 
rounded 
text-stone-400 hover
:text-white"[39m
            [33mtit
le[39m=[32m"Redo"
[39m
          
[36m>[39m
            
[36m<svg[39m
              [33ma
ria-hidden[39m=[32
m"true"[39m
              [33mc
lass[39m=[32m"luci
de lucide-redo w-4 
h-4"[39m
              [33mf
ill[39m=[32m"none"
[39m
              [33mh
eight[39m=[32m"24"
[39m
              [33ms
troke[39m=[32m"cur
rentColor"[39m
              [33ms
troke-linecap[39m=
[32m"round"[39m
              [33ms
troke-linejoin[39m=
[32m"round"[39m
              [33ms
troke-width[39m=[3
2m"2"[39m
              [33mv
iewBox[39m=[32m"0 
0 24 24"[39m
              [33mw
idth[39m=[32m"24"
[39m
              [33mx
mlns[39m=[32m"http
://www.w3.org/2000/s
vg"[39m
            
[36m>[39m
              
[36m<path[39m
                [33
md[39m=[32m"M21 
7v6h-6"[39m
              
[36m/>[39m
              
[36m<path[39m
                [33
md[39m=[32m"M3 
17a9 9 0 0 1 9-9 9 
9 0 0 1 6 2.3l3 
2.7"[39m
              
[36m/>[39m
            
[36m</svg>[39m
          
[36m</button>[39m
          
[36m<div[39m
            [33mcla
ss[39m=[32m"h-6 
w-px bg-stone-800 
mx-2"[39m
          
[36m/>[39m
          
[36m<button[39m
            [33mcla
ss[39m=[32m"bg-amb
er-600 
hover:bg-amber-700 
text-white px-4 
py-1.5 rounded-md 
text-sm font-bold 
flex items-center 
gap-2 
transition-colors 
disabled:opacity-50 
disabled:cursor-not-
allowed"[39m
          
[36m>[39m
            
[36m<svg[39m
              [33ma
ria-hidden[39m=[32
m"true"[39m
              [33mc
lass[39m=[32m"luci
de lucide-save w-4 
h-4"[39m
              [33mf
ill[39m=[32m"none"
[39m
              [33mh
eight[39m=[32m"24"
[39m
              [33ms
troke[39m=[32m"cur
rentColor"[39m
              [33ms
troke-linecap[39m=
[32m"round"[39m
              [33ms
troke-linejoin[39m=
[32m"round"[39m
              [33ms
troke-width[39m=[3
2m"2"[39m
              [33mv
iewBox[39m=[32m"0 
0 24 24"[39m
              [33mw
idth[39m=[32m"24"
[39m
              [33mx
mlns[39m=[32m"http
://www.w3.org/2000/s
vg"[39m
            
[36m>[39m
              
[36m<path[39m
                [33
md[39m=[32m"M15.2 
3a2 2 0 0 1 
1.4.6l3.8 3.8a2 2 0 
0 1 .6 1.4V19a2 2 0 
0 1-2 2H5a2 2 0 0 
1-2-2V5a2 2 0 0 1 
2-2z"[39m
              
[36m/>[39m
              
[36m<path[39m
                [33
md[39m=[32m"M17 
21v-7a1 1 0 0 
0-1-1H8a1 1 0 0 0-1 
1v7"[39m
              
[36m/>[39m
              
[36m<path[39m
                [33
md[39m=[32m"M7 
3v4a1 1 0 0 0 1 
1h7"[39m
              
[36m/>[39m
            
[36m</svg>[39m
            
[0mSave Scene[0m
          
[36m</button>[39m
          
[36m<button[39m
            [33mcla
ss[39m=[32m"p-2 
hover:bg-stone-800 
rounded 
text-stone-400 hover
:text-white"[39m
            [33mtit
le[39m=[32m"Share 
/ Publish"[39m
          
[36m>[39m
            
[36m<svg[39m
              [33ma
ria-hidden[39m=[..
.
[90m [2mΓ¥»[22m O
bject.getElementErro
r node_modules/@test
ing-library/dom/dist
/config.js:[2m37:19
[22m[39m
[90m [2mΓ¥»[22m n
ode_modules/@testing
-library/dom/dist/qu
ery-helpers.js:[2m7
6:38[22m[39m
[90m [2mΓ¥»[22m n
ode_modules/@testing
-library/dom/dist/qu
ery-helpers.js:[2m5
2:17[22m[39m
[90m [2mΓ¥»[22m n
ode_modules/@testing
-library/dom/dist/qu
ery-helpers.js:[2m9
5:19[22m[39m
[36m [2mΓ¥»[22m s
rc/__tests__/ModelEd
itor.test.tsx:[2m31
9:35[22m[39m
    [90m317| [39m 
     )[33m;[39m
    [90m318| [39m
    [90m319| [39m 
     
[35mconst[39m 
uploadButton 
[33m=[39m screen[
33m.[39m[34mgetByT
ext[39m([32m'Uploa
d Model'[39m)[33m;
[39m
    [90m   | [39m 
                    
             
[31m^[39m
    [90m320| [39m 
     fireEvent[33m.
[39m[34mclick[39m
(uploadButton)[33m;
[39m
    [90m321| [39m

[31m[2mΓÄ»ΓÄ»ΓÄ»ΓÄ
»ΓÄ»ΓÄ»ΓÄ»ΓÄ»ΓÄ»ΓÄ»Γ
Ä»ΓÄ»ΓÄ»ΓÄ»ΓÄ»ΓÄ»ΓÄ»
ΓÄ»ΓÄ»ΓÄ»ΓÄ»ΓÄ»[10/1
1]ΓÄ»[22m[39m

[41m[1m FAIL 
[22m[49m src/__tes
ts__/ModelEditor.tes
t.tsx[2m > 
[22mModelEditor 
Component[2m > 
[22mSave 
Functionality[2m > 
[22mshould save 
scene to database
[31m[1mTestingLibr
aryElementError[22m
[39m: Unable to 
find an element 
with the text: 
Upload Model. This 
could be because 
the text is broken 
up by multiple 
elements. In this 
case, you can 
provide a function 
for your text 
matcher to make 
your matcher more 
flexible.

Ignored nodes: 
comments, script, 
style
[36m<body>[39m
  [36m<div>[39m
    [36m<div[39m
      [33mclass[39
m=[32m"flex 
h-screen 
bg-stone-950 
text-stone-200 
overflow-hidden 
font-sans"[39m
      [33mdata-comp
onent[39m=[32m"Mod
el Editor"[39m
      [33mdata-file
[39m=[32m"src/page
s/editor/ModelEditor
.tsx"[39m
    [36m>[39m
      
[36m<header[39m
        [33mclass[
39m=[32m"fixed 
top-0 w-full h-14 
bg-stone-900 
border-b 
border-stone-800 
flex items-center 
justify-between 
px-4 z-50"[39m
      [36m>[39m
        
[36m<div[39m
          [33mclass
[39m=[32m"flex 
items-center 
gap-4"[39m
        [36m>[39m
          
[36m<a[39m
            [33mcla
ss[39m=[32m"p-2 
hover:bg-stone-800 
rounded-md 
text-stone-400 
hover:text-white tra
nsition-colors"[39m
            [33mdat
a-discover[39m=[32
m"true"[39m
            [33mhre
f[39m=[32m"/app/ed
itor/test-asset-123"
[39m
          
[36m>[39m
            
[36m<svg[39m
              [33ma
ria-hidden[39m=[32
m"true"[39m
              [33mc
lass[39m=[32m"luci
de 
lucide-arrow-left 
w-5 h-5"[39m
              [33mf
ill[39m=[32m"none"
[39m
              [33mh
eight[39m=[32m"24"
[39m
              [33ms
troke[39m=[32m"cur
rentColor"[39m
              [33ms
troke-linecap[39m=
[32m"round"[39m
              [33ms
troke-linejoin[39m=
[32m"round"[39m
              [33ms
troke-width[39m=[3
2m"2"[39m
              [33mv
iewBox[39m=[32m"0 
0 24 24"[39m
              [33mw
idth[39m=[32m"24"
[39m
              [33mx
mlns[39m=[32m"http
://www.w3.org/2000/s
vg"[39m
            
[36m>[39m
              
[36m<path[39m
                [33
md[39m=[32m"m12 
19-7-7 7-7"[39m
              
[36m/>[39m
              
[36m<path[39m
                [33
md[39m=[32m"M19 
12H5"[39m
              
[36m/>[39m
            
[36m</svg>[39m
          
[36m</a>[39m
          
[36m<div[39m
            [33mcla
ss[39m=[32m"h-6 
w-px 
bg-stone-800"[39m
          
[36m/>[39m
          
[36m<div[39m
            [33mcla
ss[39m=[32m"flex 
items-center 
gap-2"[39m
          
[36m>[39m
            
[36m<span[39m
              [33mc
lass[39m=[32m"font
-bold text-sm 
tracking-wide 
text-stone-100"[39m
            
[36m>[39m
              [0mte
st-asset-123[0m
            
[36m</span>[39m
            
[36m<span[39m
              [33mc
lass[39m=[32m"text
-xs bg-amber-500/20 
text-amber-500 px-2 
py-0.5 rounded 
border border-amber-
500/30"[39m
            
[36m>[39m
              
[0mDRAFT[0m
            
[36m</span>[39m
          
[36m</div>[39m
        
[36m</div>[39m
        
[36m<div[39m
          [33mclass
[39m=[32m"flex 
items-center 
gap-2"[39m
        [36m>[39m
          
[36m<span[39m
            [33mcla
ss[39m=[32m"text-x
s text-stone-500 
mr-2 hidden 
md:inline"[39m
          
[36m>[39m
            
[0mUnsaved 
changes[0m
          
[36m</span>[39m
          
[36m<button[39m
            [33mcla
ss[39m=[32m"p-2 
hover:bg-stone-800 
rounded 
text-stone-400 hover
:text-white"[39m
            [33mtit
le[39m=[32m"Undo"
[39m
          
[36m>[39m
            
[36m<svg[39m
              [33ma
ria-hidden[39m=[32
m"true"[39m
              [33mc
lass[39m=[32m"luci
de lucide-undo w-4 
h-4"[39m
              [33mf
ill[39m=[32m"none"
[39m
              [33mh
eight[39m=[32m"24"
[39m
              [33ms
troke[39m=[32m"cur
rentColor"[39m
              [33ms
troke-linecap[39m=
[32m"round"[39m
              [33ms
troke-linejoin[39m=
[32m"round"[39m
              [33ms
troke-width[39m=[3
2m"2"[39m
              [33mv
iewBox[39m=[32m"0 
0 24 24"[39m
              [33mw
idth[39m=[32m"24"
[39m
              [33mx
mlns[39m=[32m"http
://www.w3.org/2000/s
vg"[39m
            
[36m>[39m
              
[36m<path[39m
                [33
md[39m=[32m"M3 
7v6h6"[39m
              
[36m/>[39m
              
[36m<path[39m
                [33
md[39m=[32m"M21 
17a9 9 0 0 0-9-9 9 
9 0 0 0-6 2.3L3 
13"[39m
              
[36m/>[39m
            
[36m</svg>[39m
          
[36m</button>[39m
          
[36m<button[39m
            [33mcla
ss[39m=[32m"p-2 
hover:bg-stone-800 
rounded 
text-stone-400 hover
:text-white"[39m
            [33mtit
le[39m=[32m"Redo"
[39m
          
[36m>[39m
            
[36m<svg[39m
              [33ma
ria-hidden[39m=[32
m"true"[39m
              [33mc
lass[39m=[32m"luci
de lucide-redo w-4 
h-4"[39m
              [33mf
ill[39m=[32m"none"
[39m
              [33mh
eight[39m=[32m"24"
[39m
              [33ms
troke[39m=[32m"cur
rentColor"[39m
              [33ms
troke-linecap[39m=
[32m"round"[39m
              [33ms
troke-linejoin[39m=
[32m"round"[39m
              [33ms
troke-width[39m=[3
2m"2"[39m
              [33mv
iewBox[39m=[32m"0 
0 24 24"[39m
              [33mw
idth[39m=[32m"24"
[39m
              [33mx
mlns[39m=[32m"http
://www.w3.org/2000/s
vg"[39m
            
[36m>[39m
              
[36m<path[39m
                [33
md[39m=[32m"M21 
7v6h-6"[39m
              
[36m/>[39m
              
[36m<path[39m
                [33
md[39m=[32m"M3 
17a9 9 0 0 1 9-9 9 
9 0 0 1 6 2.3l3 
2.7"[39m
              
[36m/>[39m
            
[36m</svg>[39m
          
[36m</button>[39m
          
[36m<div[39m
            [33mcla
ss[39m=[32m"h-6 
w-px bg-stone-800 
mx-2"[39m
          
[36m/>[39m
          
[36m<button[39m
            [33mcla
ss[39m=[32m"bg-amb
er-600 
hover:bg-amber-700 
text-white px-4 
py-1.5 rounded-md 
text-sm font-bold 
flex items-center 
gap-2 
transition-colors 
disabled:opacity-50 
disabled:cursor-not-
allowed"[39m
          
[36m>[39m
            
[36m<svg[39m
              [33ma
ria-hidden[39m=[32
m"true"[39m
              [33mc
lass[39m=[32m"luci
de lucide-save w-4 
h-4"[39m
              [33mf
ill[39m=[32m"none"
[39m
              [33mh
eight[39m=[32m"24"
[39m
              [33ms
troke[39m=[32m"cur
rentColor"[39m
              [33ms
troke-linecap[39m=
[32m"round"[39m
              [33ms
troke-linejoin[39m=
[32m"round"[39m
              [33ms
troke-width[39m=[3
2m"2"[39m
              [33mv
iewBox[39m=[32m"0 
0 24 24"[39m
              [33mw
idth[39m=[32m"24"
[39m
              [33mx
mlns[39m=[32m"http
://www.w3.org/2000/s
vg"[39m
            
[36m>[39m
              
[36m<path[39m
                [33
md[39m=[32m"M15.2 
3a2 2 0 0 1 
1.4.6l3.8 3.8a2 2 0 
0 1 .6 1.4V19a2 2 0 
0 1-2 2H5a2 2 0 0 
1-2-2V5a2 2 0 0 1 
2-2z"[39m
              
[36m/>[39m
              
[36m<path[39m
                [33
md[39m=[32m"M17 
21v-7a1 1 0 0 
0-1-1H8a1 1 0 0 0-1 
1v7"[39m
              
[36m/>[39m
              
[36m<path[39m
                [33
md[39m=[32m"M7 
3v4a1 1 0 0 0 1 
1h7"[39m
              
[36m/>[39m
            
[36m</svg>[39m
            
[0mSave Scene[0m
          
[36m</button>[39m
          
[36m<button[39m
            [33mcla
ss[39m=[32m"p-2 
hover:bg-stone-800 
rounded 
text-stone-400 hover
:text-white"[39m
            [33mtit
le[39m=[32m"Share 
/ Publish"[39m
          
[36m>[39m
            
[36m<svg[39m
              [33ma
ria-hidden[39m=[..
.
[90m [2mΓ¥»[22m O
bject.getElementErro
r node_modules/@test
ing-library/dom/dist
/config.js:[2m37:19
[22m[39m
[90m [2mΓ¥»[22m n
ode_modules/@testing
-library/dom/dist/qu
ery-helpers.js:[2m7
6:38[22m[39m
[90m [2mΓ¥»[22m n
ode_modules/@testing
-library/dom/dist/qu
ery-helpers.js:[2m5
2:17[22m[39m
[90m [2mΓ¥»[22m n
ode_modules/@testing
-library/dom/dist/qu
ery-helpers.js:[2m9
5:19[22m[39m
[36m [2mΓ¥»[22m s
rc/__tests__/ModelEd
itor.test.tsx:[2m35
1:35[22m[39m
    [90m349| [39m 
     )[33m;[39m
    [90m350| [39m
    [90m351| [39m 
     
[35mconst[39m 
uploadButton 
[33m=[39m screen[
33m.[39m[34mgetByT
ext[39m([32m'Uploa
d Model'[39m)[33m;
[39m
    [90m   | [39m 
                    
             
[31m^[39m
    [90m352| [39m 
     fireEvent[33m.
[39m[34mclick[39m
(uploadButton)[33m;
[39m
    [90m353| [39m

[31m[2mΓÄ»ΓÄ»ΓÄ»ΓÄ
»ΓÄ»ΓÄ»ΓÄ»ΓÄ»ΓÄ»ΓÄ»Γ
Ä»ΓÄ»ΓÄ»ΓÄ»ΓÄ»ΓÄ»ΓÄ»
ΓÄ»ΓÄ»ΓÄ»ΓÄ»ΓÄ»[11/1
1]ΓÄ»[22m[39m

[31mΓÄ»ΓÄ»ΓÄ»ΓÄ»ΓÄ»
ΓÄ»[39m[1m[41m 
Unhandled Errors [4
9m[22m[31mΓÄ»ΓÄ»ΓÄ
»ΓÄ»ΓÄ»ΓÄ»[39m
[31m[1m
Vitest caught 16 
unhandled errors 
during the test run.
This might cause 
false positive 
tests. Resolve 
unhandled errors to 
make sure your 
tests are not 
affected.[22m[39m

[31mΓÄ»ΓÄ»ΓÄ»ΓÄ»[3
9m[1m[41m 
Unhandled Rejection 
[49m[22m[31mΓÄ»ΓÄ
»ΓÄ»ΓÄ»ΓÄ»[39m
[31m[1mDOMExceptio
n[22m: Failed to 
execute 'define' on 
'CustomElementRegist
ry': the name 
"model-viewer" has 
already been used 
with this 
registry[39m
[90m [2mΓ¥»[22m C
ustomElementRegistry
.define node_modules
/happy-dom/lib/custo
m-element/CustomElem
entRegistry.js:[2m4
1:19[22m[39m
[90m [2mΓ¥»[22m n
ode_modules/@google/
model-viewer/dist/mo
del-viewer.min.js:[
2m1081:33572[22m[3
9m
[90m [2mΓ¥»[22m 
ModuleJob.run node:i
nternal/modules/esm/
module_job:[2m413:2
5[22m[39m
[90m [2mΓ¥»[22m p
rocessTicksAndReject
ions node:internal/p
rocess/task_queues:
[2m103:5[22m[39m
[90m [2mΓ¥»[22m o
nImport.tracePromise
.__proto__ node:inte
rnal/modules/esm/loa
der:[2m660:26[22m
[39m
[90m [2mΓ¥»[22m V
itestModuleEvaluator
.runExternalModule n
ode_modules/vitest/d
ist/module-evaluator
.js:[2m80:21[22m[
39m
[90m [2mΓ¥»[22m V
itestModuleRunner.di
rectRequest node_mod
ules/vite/dist/node/
module-runner.js:[2
m1233:24[22m[39m
[90m [2mΓ¥»[22m V
itestModuleRunner.ca
chedRequest node_mod
ules/vite/dist/node/
module-runner.js:[2
m1180:76[22m[39m

[31mThis error 
originated in "[1ms
rc/__tests__/ModelEd
itor.test.tsx[22m" 
test file. It 
doesn't mean the 
error was thrown 
inside the file 
itself, but while 
it was running.[39m
[31mThe latest 
test that might've 
caused the error is 
"[1mshould render 
ModelEditor with 
model viewer[22m". 
It might mean one 
of the following:
- The error was 
thrown, while 
Vitest was running 
this test.
- If the error 
occurred after the 
test had been 
completed, this was 
the last documented 
test before it was 
thrown.[39m

[31mΓÄ»ΓÄ»ΓÄ»ΓÄ»[3
9m[1m[41m 
Unhandled Rejection 
[49m[22m[31mΓÄ»ΓÄ
»ΓÄ»ΓÄ»ΓÄ»[39m
[31m[1mDOMExceptio
n[22m: Failed to 
execute 'define' on 
'CustomElementRegist
ry': the name 
"model-viewer" has 
already been used 
with this 
registry[39m
[90m [2mΓ¥»[22m C
ustomElementRegistry
.define node_modules
/happy-dom/lib/custo
m-element/CustomElem
entRegistry.js:[2m4
1:19[22m[39m
[90m [2mΓ¥»[22m n
ode_modules/@google/
model-viewer/dist/mo
del-viewer.min.js:[
2m1081:33572[22m[3
9m
[90m [2mΓ¥»[22m 
ModuleJob.run node:i
nternal/modules/esm/
module_job:[2m413:2
5[22m[39m
[90m [2mΓ¥»[22m p
rocessTicksAndReject
ions node:internal/p
rocess/task_queues:
[2m103:5[22m[39m
[90m [2mΓ¥»[22m o
nImport.tracePromise
.__proto__ node:inte
rnal/modules/esm/loa
der:[2m660:26[22m
[39m
[90m [2mΓ¥»[22m V
itestModuleEvaluator
.runExternalModule n
ode_modules/vitest/d
ist/module-evaluator
.js:[2m80:21[22m[
39m
[90m [2mΓ¥»[22m V
itestModuleRunner.di
rectRequest node_mod
ules/vite/dist/node/
module-runner.js:[2
m1233:24[22m[39m
[90m [2mΓ¥»[22m V
itestModuleRunner.ca
chedRequest node_mod
ules/vite/dist/node/
module-runner.js:[2
m1180:76[22m[39m

[31mThis error 
originated in "[1ms
rc/__tests__/ModelEd
itor.test.tsx[22m" 
test file. It 
doesn't mean the 
error was thrown 
inside the file 
itself, but while 
it was running.[39m
[31mThe latest 
test that might've 
caused the error is 
"[1mshould show 
transform 
properties panel by 
default[22m". It 
might mean one of 
the following:
- The error was 
thrown, while 
Vitest was running 
this test.
- If the error 
occurred after the 
test had been 
completed, this was 
the last documented 
test before it was 
thrown.[39m

[31mΓÄ»ΓÄ»ΓÄ»ΓÄ»[3
9m[1m[41m 
Unhandled Rejection 
[49m[22m[31mΓÄ»ΓÄ
»ΓÄ»ΓÄ»ΓÄ»[39m
[31m[1mDOMExceptio
n[22m: Failed to 
execute 'define' on 
'CustomElementRegist
ry': the name 
"model-viewer" has 
already been used 
with this 
registry[39m
[90m [2mΓ¥»[22m C
ustomElementRegistry
.define node_modules
/happy-dom/lib/custo
m-element/CustomElem
entRegistry.js:[2m4
1:19[22m[39m
[90m [2mΓ¥»[22m n
ode_modules/@google/
model-viewer/dist/mo
del-viewer.min.js:[
2m1081:33572[22m[3
9m
[90m [2mΓ¥»[22m 
ModuleJob.run node:i
nternal/modules/esm/
module_job:[2m413:2
5[22m[39m
[90m [2mΓ¥»[22m p
rocessTicksAndReject
ions node:internal/p
rocess/task_queues:
[2m103:5[22m[39m
[90m [2mΓ¥»[22m o
nImport.tracePromise
.__proto__ node:inte
rnal/modules/esm/loa
der:[2m660:26[22m
[39m
[90m [2mΓ¥»[22m V
itestModuleEvaluator
.runExternalModule n
ode_modules/vitest/d
ist/module-evaluator
.js:[2m80:21[22m[
39m
[90m [2mΓ¥»[22m V
itestModuleRunner.di
rectRequest node_mod
ules/vite/dist/node/
module-runner.js:[2
m1233:24[22m[39m
[90m [2mΓ¥»[22m V
itestModuleRunner.ca
chedRequest node_mod
ules/vite/dist/node/
module-runner.js:[2
m1180:76[22m[39m

[31mThis error 
originated in "[1ms
rc/__tests__/ModelEd
itor.test.tsx[22m" 
test file. It 
doesn't mean the 
error was thrown 
inside the file 
itself, but while 
it was running.[39m
[31mThe latest 
test that might've 
caused the error is 
"[1mshould show 
transform 
properties panel by 
default[22m". It 
might mean one of 
the following:
- The error was 
thrown, while 
Vitest was running 
this test.
- If the error 
occurred after the 
test had been 
completed, this was 
the last documented 
test before it was 
thrown.[39m

[31mΓÄ»ΓÄ»ΓÄ»ΓÄ»[3
9m[1m[41m 
Unhandled Rejection 
[49m[22m[31mΓÄ»ΓÄ
»ΓÄ»ΓÄ»ΓÄ»[39m
[31m[1mDOMExceptio
n[22m: Failed to 
execute 'define' on 
'CustomElementRegist
ry': the name 
"model-viewer" has 
already been used 
with this 
registry[39m
[90m [2mΓ¥»[22m C
ustomElementRegistry
.define node_modules
/happy-dom/lib/custo
m-element/CustomElem
entRegistry.js:[2m4
1:19[22m[39m
[90m [2mΓ¥»[22m n
ode_modules/@google/
model-viewer/dist/mo
del-viewer.min.js:[
2m1081:33572[22m[3
9m
[90m [2mΓ¥»[22m 
ModuleJob.run node:i
nternal/modules/esm/
module_job:[2m413:2
5[22m[39m
[90m [2mΓ¥»[22m p
rocessTicksAndReject
ions node:internal/p
rocess/task_queues:
[2m103:5[22m[39m
[90m [2mΓ¥»[22m o
nImport.tracePromise
.__proto__ node:inte
rnal/modules/esm/loa
der:[2m660:26[22m
[39m
[90m [2mΓ¥»[22m V
itestModuleEvaluator
.runExternalModule n
ode_modules/vitest/d
ist/module-evaluator
.js:[2m80:21[22m[
39m
[90m [2mΓ¥»[22m V
itestModuleRunner.di
rectRequest node_mod
ules/vite/dist/node/
module-runner.js:[2
m1233:24[22m[39m
[90m [2mΓ¥»[22m V
itestModuleRunner.ca
chedRequest node_mod
ules/vite/dist/node/
module-runner.js:[2
m1180:76[22m[39m

[31mThis error 
originated in "[1ms
rc/__tests__/ModelEd
itor.test.tsx[22m" 
test file. It 
doesn't mean the 
error was thrown 
inside the file 
itself, but while 
it was running.[39m

[31mΓÄ»ΓÄ»ΓÄ»ΓÄ»[3
9m[1m[41m 
Unhandled Rejection 
[49m[22m[31mΓÄ»ΓÄ
»ΓÄ»ΓÄ»ΓÄ»[39m
[31m[1mDOMExceptio
n[22m: Failed to 
execute 'define' on 
'CustomElementRegist
ry': the name 
"model-viewer" has 
already been used 
with this 
registry[39m
[90m [2mΓ¥»[22m C
ustomElementRegistry
.define node_modules
/happy-dom/lib/custo
m-element/CustomElem
entRegistry.js:[2m4
1:19[22m[39m
[90m [2mΓ¥»[22m n
ode_modules/@google/
model-viewer/dist/mo
del-viewer.min.js:[
2m1081:33572[22m[3
9m
[90m [2mΓ¥»[22m 
ModuleJob.run node:i
nternal/modules/esm/
module_job:[2m413:2
5[22m[39m
[90m [2mΓ¥»[22m p
rocessTicksAndReject
ions node:internal/p
rocess/task_queues:
[2m103:5[22m[39m
[90m [2mΓ¥»[22m o
nImport.tracePromise
.__proto__ node:inte
rnal/modules/esm/loa
der:[2m660:26[22m
[39m
[90m [2mΓ¥»[22m V
itestModuleEvaluator
.runExternalModule n
ode_modules/vitest/d
ist/module-evaluator
.js:[2m80:21[22m[
39m
[90m [2mΓ¥»[22m V
itestModuleRunner.di
rectRequest node_mod
ules/vite/dist/node/
module-runner.js:[2
m1233:24[22m[39m
[90m [2mΓ¥»[22m V
itestModuleRunner.ca
chedRequest node_mod
ules/vite/dist/node/
module-runner.js:[2
m1180:76[22m[39m

[31mThis error 
originated in "[1ms
rc/__tests__/ModelEd
itor.test.tsx[22m" 
test file. It 
doesn't mean the 
error was thrown 
inside the file 
itself, but while 
it was running.[39m

[31mΓÄ»ΓÄ»ΓÄ»ΓÄ»[3
9m[1m[41m 
Unhandled Rejection 
[49m[22m[31mΓÄ»ΓÄ
»ΓÄ»ΓÄ»ΓÄ»[39m
[31m[1mDOMExceptio
n[22m: Failed to 
execute 'define' on 
'CustomElementRegist
ry': the name 
"model-viewer" has 
already been used 
with this 
registry[39m
[90m [2mΓ¥»[22m C
ustomElementRegistry
.define node_modules
/happy-dom/lib/custo
m-element/CustomElem
entRegistry.js:[2m4
1:19[22m[39m
[90m [2mΓ¥»[22m n
ode_modules/@google/
model-viewer/dist/mo
del-viewer.min.js:[
2m1081:33572[22m[3
9m
[90m [2mΓ¥»[22m 
ModuleJob.run node:i
nternal/modules/esm/
module_job:[2m413:2
5[22m[39m
[90m [2mΓ¥»[22m p
rocessTicksAndReject
ions node:internal/p
rocess/task_queues:
[2m103:5[22m[39m
[90m [2mΓ¥»[22m o
nImport.tracePromise
.__proto__ node:inte
rnal/modules/esm/loa
der:[2m660:26[22m
[39m
[90m [2mΓ¥»[22m V
itestModuleEvaluator
.runExternalModule n
ode_modules/vitest/d
ist/module-evaluator
.js:[2m80:21[22m[
39m
[90m [2mΓ¥»[22m V
itestModuleRunner.di
rectRequest node_mod
ules/vite/dist/node/
module-runner.js:[2
m1233:24[22m[39m
[90m [2mΓ¥»[22m V
itestModuleRunner.ca
chedRequest node_mod
ules/vite/dist/node/
module-runner.js:[2
m1180:76[22m[39m

[31mThis error 
originated in "[1ms
rc/__tests__/ModelEd
itor.test.tsx[22m" 
test file. It 
doesn't mean the 
error was thrown 
inside the file 
itself, but while 
it was running.[39m

[31mΓÄ»ΓÄ»ΓÄ»ΓÄ»[3
9m[1m[41m 
Unhandled Rejection 
[49m[22m[31mΓÄ»ΓÄ
»ΓÄ»ΓÄ»ΓÄ»[39m
[31m[1mDOMExceptio
n[22m: Failed to 
execute 'define' on 
'CustomElementRegist
ry': the name 
"model-viewer" has 
already been used 
with this 
registry[39m
[90m [2mΓ¥»[22m C
ustomElementRegistry
.define node_modules
/happy-dom/lib/custo
m-element/CustomElem
entRegistry.js:[2m4
1:19[22m[39m
[90m [2mΓ¥»[22m n
ode_modules/@google/
model-viewer/dist/mo
del-viewer.min.js:[
2m1081:33572[22m[3
9m
[90m [2mΓ¥»[22m 
ModuleJob.run node:i
nternal/modules/esm/
module_job:[2m413:2
5[22m[39m
[90m [2mΓ¥»[22m p
rocessTicksAndReject
ions node:internal/p
rocess/task_queues:
[2m103:5[22m[39m
[90m [2mΓ¥»[22m o
nImport.tracePromise
.__proto__ node:inte
rnal/modules/esm/loa
der:[2m660:26[22m
[39m
[90m [2mΓ¥»[22m V
itestModuleEvaluator
.runExternalModule n
ode_modules/vitest/d
ist/module-evaluator
.js:[2m80:21[22m[
39m
[90m [2mΓ¥»[22m V
itestModuleRunner.di
rectRequest node_mod
ules/vite/dist/node/
module-runner.js:[2
m1233:24[22m[39m
[90m [2mΓ¥»[22m V
itestModuleRunner.ca
chedRequest node_mod
ules/vite/dist/node/
module-runner.js:[2
m1180:76[22m[39m

[31mThis error 
originated in "[1ms
rc/__tests__/ModelEd
itor.test.tsx[22m" 
test file. It 
doesn't mean the 
error was thrown 
inside the file 
itself, but while 
it was running.[39m

[31mΓÄ»ΓÄ»ΓÄ»ΓÄ»[3
9m[1m[41m 
Unhandled Rejection 
[49m[22m[31mΓÄ»ΓÄ
»ΓÄ»ΓÄ»ΓÄ»[39m
[31m[1mDOMExceptio
n[22m: Failed to 
execute 'define' on 
'CustomElementRegist
ry': the name 
"model-viewer" has 
already been used 
with this 
registry[39m
[90m [2mΓ¥»[22m C
ustomElementRegistry
.define node_modules
/happy-dom/lib/custo
m-element/CustomElem
entRegistry.js:[2m4
1:19[22m[39m
[90m [2mΓ¥»[22m n
ode_modules/@google/
model-viewer/dist/mo
del-viewer.min.js:[
2m1081:33572[22m[3
9m
[90m [2mΓ¥»[22m 
ModuleJob.run node:i
nternal/modules/esm/
module_job:[2m413:2
5[22m[39m
[90m [2mΓ¥»[22m p
rocessTicksAndReject
ions node:internal/p
rocess/task_queues:
[2m103:5[22m[39m
[90m [2mΓ¥»[22m o
nImport.tracePromise
.__proto__ node:inte
rnal/modules/esm/loa
der:[2m660:26[22m
[39m
[90m [2mΓ¥»[22m V
itestModuleEvaluator
.runExternalModule n
ode_modules/vitest/d
ist/module-evaluator
.js:[2m80:21[22m[
39m
[90m [2mΓ¥»[22m V
itestModuleRunner.di
rectRequest node_mod
ules/vite/dist/node/
module-runner.js:[2
m1233:24[22m[39m
[90m [2mΓ¥»[22m V
itestModuleRunner.ca
chedRequest node_mod
ules/vite/dist/node/
module-runner.js:[2
m1180:76[22m[39m

[31mThis error 
originated in "[1ms
rc/__tests__/ModelEd
itor.test.tsx[22m" 
test file. It 
doesn't mean the 
error was thrown 
inside the file 
itself, but while 
it was running.[39m

[31mΓÄ»ΓÄ»ΓÄ»ΓÄ»[3
9m[1m[41m 
Unhandled Rejection 
[49m[22m[31mΓÄ»ΓÄ
»ΓÄ»ΓÄ»ΓÄ»[39m
[31m[1mDOMExceptio
n[22m: Failed to 
execute 'define' on 
'CustomElementRegist
ry': the name 
"model-viewer" has 
already been used 
with this 
registry[39m
[90m [2mΓ¥»[22m C
ustomElementRegistry
.define node_modules
/happy-dom/lib/custo
m-element/CustomElem
entRegistry.js:[2m4
1:19[22m[39m
[90m [2mΓ¥»[22m n
ode_modules/@google/
model-viewer/dist/mo
del-viewer.min.js:[
2m1081:33572[22m[3
9m
[90m [2mΓ¥»[22m 
ModuleJob.run node:i
nternal/modules/esm/
module_job:[2m413:2
5[22m[39m
[90m [2mΓ¥»[22m p
rocessTicksAndReject
ions node:internal/p
rocess/task_queues:
[2m103:5[22m[39m
[90m [2mΓ¥»[22m o
nImport.tracePromise
.__proto__ node:inte
rnal/modules/esm/loa
der:[2m660:26[22m
[39m
[90m [2mΓ¥»[22m V
itestModuleEvaluator
.runExternalModule n
ode_modules/vitest/d
ist/module-evaluator
.js:[2m80:21[22m[
39m
[90m [2mΓ¥»[22m V
itestModuleRunner.di
rectRequest node_mod
ules/vite/dist/node/
module-runner.js:[2
m1233:24[22m[39m
[90m [2mΓ¥»[22m V
itestModuleRunner.ca
chedRequest node_mod
ules/vite/dist/node/
module-runner.js:[2
m1180:76[22m[39m

[31mThis error 
originated in "[1ms
rc/__tests__/ModelEd
itor.test.tsx[22m" 
test file. It 
doesn't mean the 
error was thrown 
inside the file 
itself, but while 
it was running.[39m

[31mΓÄ»ΓÄ»ΓÄ»ΓÄ»[3
9m[1m[41m 
Unhandled Rejection 
[49m[22m[31mΓÄ»ΓÄ
»ΓÄ»ΓÄ»ΓÄ»[39m
[31m[1mDOMExceptio
n[22m: Failed to 
execute 'define' on 
'CustomElementRegist
ry': the name 
"model-viewer" has 
already been used 
with this 
registry[39m
[90m [2mΓ¥»[22m C
ustomElementRegistry
.define node_modules
/happy-dom/lib/custo
m-element/CustomElem
entRegistry.js:[2m4
1:19[22m[39m
[90m [2mΓ¥»[22m n
ode_modules/@google/
model-viewer/dist/mo
del-viewer.min.js:[
2m1081:33572[22m[3
9m
[90m [2mΓ¥»[22m 
ModuleJob.run node:i
nternal/modules/esm/
module_job:[2m413:2
5[22m[39m
[90m [2mΓ¥»[22m p
rocessTicksAndReject
ions node:internal/p
rocess/task_queues:
[2m103:5[22m[39m
[90m [2mΓ¥»[22m o
nImport.tracePromise
.__proto__ node:inte
rnal/modules/esm/loa
der:[2m660:26[22m
[39m
[90m [2mΓ¥»[22m V
itestModuleEvaluator
.runExternalModule n
ode_modules/vitest/d
ist/module-evaluator
.js:[2m80:21[22m[
39m
[90m [2mΓ¥»[22m V
itestModuleRunner.di
rectRequest node_mod
ules/vite/dist/node/
module-runner.js:[2
m1233:24[22m[39m
[90m [2mΓ¥»[22m V
itestModuleRunner.ca
chedRequest node_mod
ules/vite/dist/node/
module-runner.js:[2
m1180:76[22m[39m

[31mThis error 
originated in "[1ms
rc/__tests__/ModelEd
itor.test.tsx[22m" 
test file. It 
doesn't mean the 
error was thrown 
inside the file 
itself, but while 
it was running.[39m

[31mΓÄ»ΓÄ»ΓÄ»ΓÄ»[3
9m[1m[41m 
Unhandled Rejection 
[49m[22m[31mΓÄ»ΓÄ
»ΓÄ»ΓÄ»ΓÄ»[39m
[31m[1mDOMExceptio
n[22m: Failed to 
execute 'define' on 
'CustomElementRegist
ry': the name 
"model-viewer" has 
already been used 
with this 
registry[39m
[90m [2mΓ¥»[22m C
ustomElementRegistry
.define node_modules
/happy-dom/lib/custo
m-element/CustomElem
entRegistry.js:[2m4
1:19[22m[39m
[90m [2mΓ¥»[22m n
ode_modules/@google/
model-viewer/dist/mo
del-viewer.min.js:[
2m1081:33572[22m[3
9m
[90m [2mΓ¥»[22m 
ModuleJob.run node:i
nternal/modules/esm/
module_job:[2m413:2
5[22m[39m
[90m [2mΓ¥»[22m p
rocessTicksAndReject
ions node:internal/p
rocess/task_queues:
[2m103:5[22m[39m
[90m [2mΓ¥»[22m o
nImport.tracePromise
.__proto__ node:inte
rnal/modules/esm/loa
der:[2m660:26[22m
[39m
[90m [2mΓ¥»[22m V
itestModuleEvaluator
.runExternalModule n
ode_modules/vitest/d
ist/module-evaluator
.js:[2m80:21[22m[
39m
[90m [2mΓ¥»[22m V
itestModuleRunner.di
rectRequest node_mod
ules/vite/dist/node/
module-runner.js:[2
m1233:24[22m[39m
[90m [2mΓ¥»[22m V
itestModuleRunner.ca
chedRequest node_mod
ules/vite/dist/node/
module-runner.js:[2
m1180:76[22m[39m

[31mThis error 
originated in "[1ms
rc/__tests__/ModelEd
itor.test.tsx[22m" 
test file. It 
doesn't mean the 
error was thrown 
inside the file 
itself, but while 
it was running.[39m

[31mΓÄ»ΓÄ»ΓÄ»ΓÄ»[3
9m[1m[41m 
Unhandled Rejection 
[49m[22m[31mΓÄ»ΓÄ
»ΓÄ»ΓÄ»ΓÄ»[39m
[31m[1mDOMExceptio
n[22m: Failed to 
execute 'define' on 
'CustomElementRegist
ry': the name 
"model-viewer" has 
already been used 
with this 
registry[39m
[90m [2mΓ¥»[22m C
ustomElementRegistry
.define node_modules
/happy-dom/lib/custo
m-element/CustomElem
entRegistry.js:[2m4
1:19[22m[39m
[90m [2mΓ¥»[22m n
ode_modules/@google/
model-viewer/dist/mo
del-viewer.min.js:[
2m1081:33572[22m[3
9m
[90m [2mΓ¥»[22m 
ModuleJob.run node:i
nternal/modules/esm/
module_job:[2m413:2
5[22m[39m
[90m [2mΓ¥»[22m p
rocessTicksAndReject
ions node:internal/p
rocess/task_queues:
[2m103:5[22m[39m
[90m [2mΓ¥»[22m o
nImport.tracePromise
.__proto__ node:inte
rnal/modules/esm/loa
der:[2m660:26[22m
[39m
[90m [2mΓ¥»[22m V
itestModuleEvaluator
.runExternalModule n
ode_modules/vitest/d
ist/module-evaluator
.js:[2m80:21[22m[
39m
[90m [2mΓ¥»[22m V
itestModuleRunner.di
rectRequest node_mod
ules/vite/dist/node/
module-runner.js:[2
m1233:24[22m[39m
[90m [2mΓ¥»[22m V
itestModuleRunner.ca
chedRequest node_mod
ules/vite/dist/node/
module-runner.js:[2
m1180:76[22m[39m

[31mThis error 
originated in "[1ms
rc/__tests__/ModelEd
itor.test.tsx[22m" 
test file. It 
doesn't mean the 
error was thrown 
inside the file 
itself, but while 
it was running.[39m

[31mΓÄ»ΓÄ»ΓÄ»ΓÄ»[3
9m[1m[41m 
Unhandled Rejection 
[49m[22m[31mΓÄ»ΓÄ
»ΓÄ»ΓÄ»ΓÄ»[39m
[31m[1mDOMExceptio
n[22m: Failed to 
execute 'define' on 
'CustomElementRegist
ry': the name 
"model-viewer" has 
already been used 
with this 
registry[39m
[90m [2mΓ¥»[22m C
ustomElementRegistry
.define node_modules
/happy-dom/lib/custo
m-element/CustomElem
entRegistry.js:[2m4
1:19[22m[39m
[90m [2mΓ¥»[22m n
ode_modules/@google/
model-viewer/dist/mo
del-viewer.min.js:[
2m1081:33572[22m[3
9m
[90m [2mΓ¥»[22m 
ModuleJob.run node:i
nternal/modules/esm/
module_job:[2m413:2
5[22m[39m
[90m [2mΓ¥»[22m p
rocessTicksAndReject
ions node:internal/p
rocess/task_queues:
[2m103:5[22m[39m
[90m [2mΓ¥»[22m o
nImport.tracePromise
.__proto__ node:inte
rnal/modules/esm/loa
der:[2m660:26[22m
[39m
[90m [2mΓ¥»[22m V
itestModuleEvaluator
.runExternalModule n
ode_modules/vitest/d
ist/module-evaluator
.js:[2m80:21[22m[
39m
[90m [2mΓ¥»[22m V
itestModuleRunner.di
rectRequest node_mod
ules/vite/dist/node/
module-runner.js:[2
m1233:24[22m[39m
[90m [2mΓ¥»[22m V
itestModuleRunner.ca
chedRequest node_mod
ules/vite/dist/node/
module-runner.js:[2
m1180:76[22m[39m

[31mThis error 
originated in "[1ms
rc/__tests__/ModelEd
itor.test.tsx[22m" 
test file. It 
doesn't mean the 
error was thrown 
inside the file 
itself, but while 
it was running.[39m

[31mΓÄ»ΓÄ»ΓÄ»ΓÄ»[3
9m[1m[41m 
Unhandled Rejection 
[49m[22m[31mΓÄ»ΓÄ
»ΓÄ»ΓÄ»ΓÄ»[39m
[31m[1mDOMExceptio
n[22m: Failed to 
execute 'define' on 
'CustomElementRegist
ry': the name 
"model-viewer" has 
already been used 
with this 
registry[39m
[90m [2mΓ¥»[22m C
ustomElementRegistry
.define node_modules
/happy-dom/lib/custo
m-element/CustomElem
entRegistry.js:[2m4
1:19[22m[39m
[90m [2mΓ¥»[22m n
ode_modules/@google/
model-viewer/dist/mo
del-viewer.min.js:[
2m1081:33572[22m[3
9m
[90m [2mΓ¥»[22m 
ModuleJob.run node:i
nternal/modules/esm/
module_job:[2m413:2
5[22m[39m
[90m [2mΓ¥»[22m p
rocessTicksAndReject
ions node:internal/p
rocess/task_queues:
[2m103:5[22m[39m
[90m [2mΓ¥»[22m o
nImport.tracePromise
.__proto__ node:inte
rnal/modules/esm/loa
der:[2m660:26[22m
[39m
[90m [2mΓ¥»[22m V
itestModuleEvaluator
.runExternalModule n
ode_modules/vitest/d
ist/module-evaluator
.js:[2m80:21[22m[
39m
[90m [2mΓ¥»[22m V
itestModuleRunner.di
rectRequest node_mod
ules/vite/dist/node/
module-runner.js:[2
m1233:24[22m[39m
[90m [2mΓ¥»[22m V
itestModuleRunner.ca
chedRequest node_mod
ules/vite/dist/node/
module-runner.js:[2
m1180:76[22m[39m

[31mThis error 
originated in "[1ms
rc/__tests__/ModelEd
itor.test.tsx[22m" 
test file. It 
doesn't mean the 
error was thrown 
inside the file 
itself, but while 
it was running.[39m

[31mΓÄ»ΓÄ»ΓÄ»ΓÄ»[3
9m[1m[41m 
Unhandled Rejection 
[49m[22m[31mΓÄ»ΓÄ
»ΓÄ»ΓÄ»ΓÄ»[39m
[31m[1mDOMExceptio
n[22m: Failed to 
execute 'define' on 
'CustomElementRegist
ry': the name 
"model-viewer" has 
already been used 
with this 
registry[39m
[90m [2mΓ¥»[22m C
ustomElementRegistry
.define node_modules
/happy-dom/lib/custo
m-element/CustomElem
entRegistry.js:[2m4
1:19[22m[39m

[2m Test Files [22m [1m[31m1 failed[39m[22m[90m (1)[39m
[2m      Tests [22m [1m[31m11 failed[39m[22m[2m | [22m[1m[32m5 passed[39m[22m[90m (16)[39m
[2m     Errors [22m [1m[31m16 errors[39m[22m
[2m   Start at [22m 04:38:05
[2m   Duration [22m 1.37s[2m (transform 174ms, setup 49ms, import 393ms, tests 308ms, environment 430ms)[22m

[90m [2mΓ¥»[22m n
ode_modules/@google/
model-viewer/dist/mo
del-viewer.min.js:[
2m1081:33572[22m[3
9m
[90m [2mΓ¥»[22m 
ModuleJob.run node:i
nternal/modules/esm/
module_job:[2m413:2
5[22m[39m
[90m [2mΓ¥»[22m p
rocessTicksAndReject
ions node:internal/p
rocess/task_queues:
[2m103:5[22m[39m
[90m [2mΓ¥»[22m o
nImport.tracePromise
.__proto__ node:inte
rnal/modules/esm/loa
der:[2m660:26[22m
[39m
[90m [2mΓ¥»[22m V
itestModuleEvaluator
.runExternalModule n
ode_modules/vitest/d
ist/module-evaluator
.js:[2m80:21[22m[
39m
[90m [2mΓ¥»[22m V
itestModuleRunner.di
rectRequest node_mod
ules/vite/dist/node/
module-runner.js:[2
m1233:24[22m[39m
[90m [2mΓ¥»[22m V
itestModuleRunner.ca
chedRequest node_mod
ules/vite/dist/node/
module-runner.js:[2
m1180:76[22m[39m

[31mThis error 
originated in "[1ms
rc/__tests__/ModelEd
itor.test.tsx[22m" 
test file. It 
doesn't mean the 
error was thrown 
inside the file 
itself, but while 
it was running.[39m

[31mΓÄ»ΓÄ»ΓÄ»ΓÄ»[3
9m[1m[41m 
Unhandled Rejection 
[49m[22m[31mΓÄ»ΓÄ
»ΓÄ»ΓÄ»ΓÄ»[39m
[31m[1mDOMExceptio
n[22m: Failed to 
execute 'define' on 
'CustomElementRegist
ry': the name 
"model-viewer" has 
already been used 
with this 
registry[39m
[90m [2mΓ¥»[22m C
ustomElementRegistry
.define node_modules
/happy-dom/lib/custo
m-element/CustomElem
entRegistry.js:[2m4
1:19[22m[39m
[90m [2mΓ¥»[22m n
ode_modules/@google/
model-viewer/dist/mo
del-viewer.min.js:[
2m1081:33572[22m[3
9m
[90m [2mΓ¥»[22m 
ModuleJob.run node:i
nternal/modules/esm/
module_job:[2m413:2
5[22m[39m
[90m [2mΓ¥»[22m p
rocessTicksAndReject
ions node:internal/p
rocess/task_queues:
[2m103:5[22m[39m
[90m [2mΓ¥»[22m o
nImport.tracePromise
.__proto__ node:inte
rnal/modules/esm/loa
der:[2m660:26[22m
[39m
[90m [2mΓ¥»[22m V
itestModuleEvaluator
.runExternalModule n
ode_modules/vitest/d
ist/module-evaluator
.js:[2m80:21[22m[
39m
[90m [2mΓ¥»[22m V
itestModuleRunner.di
rectRequest node_mod
ules/vite/dist/node/
module-runner.js:[2
m1233:24[22m[39m
[90m [2mΓ¥»[22m V
itestModuleRunner.ca
chedRequest node_mod
ules/vite/dist/node/
module-runner.js:[2
m1180:76[22m[39m

[31mThis error 
originated in "[1ms
rc/__tests__/ModelEd
itor.test.tsx[22m" 
test file. It 
doesn't mean the 
error was thrown 
inside the file 
itself, but while 
it was running.[39m
[31mΓÄ»ΓÄ»ΓÄ»ΓÄ»ΓÄ»
ΓÄ»ΓÄ»ΓÄ»ΓÄ»ΓÄ»ΓÄ»ΓÄ
»ΓÄ»ΓÄ»ΓÄ»ΓÄ»ΓÄ»ΓÄ»Γ
Ä»ΓÄ»ΓÄ»ΓÄ»ΓÄ»ΓÄ»ΓÄ»
ΓÄ»ΓÄ»ΓÄ»ΓÄ»ΓÄ»[39m

